// Jest Snapshot v1, https://goo.gl/fbAQLP

exports[`Pie Graph Impl Tests Render With Data 1`] = `
<PieGraphImpl
  height={100}
  innerRadius={Infinity}
  pointData={
    Array [
      Object {
        "color": "#123",
        "value": 1,
      },
      Object {
        "value": 2,
      },
    ]
  }
  width={100}
>
  <svg
    className="msg pieChart"
  />
</PieGraphImpl>
`;

exports[`Pie Graph Impl Tests Rendering (invalid data) 1`] = `
<PieGraphImpl
  centerX={Infinity}
  centerY="abc"
  height={Infinity}
  innerRadius={200}
  outerRadius={-200}
  pointData={
    Array [
      Object {
        "value": 3.7,
      },
      Object {
        "value": 3.7,
      },
      Object {
        "value": 3.7,
      },
      Object {
        "value": 3.7,
      },
      Object {
        "value": 3.7,
      },
      Object {
        "value": 3.7,
      },
      Object {
        "value": 3.7,
      },
      Object {
        "value": 3.7,
      },
      Object {
        "value": 3.7,
      },
      Object {
        "value": 3.7,
      },
      Object {
        "value": 3.7,
      },
      Object {
        "value": 3.7,
      },
      Object {
        "value": 3.7,
      },
      Object {
        "value": 3.7,
      },
      Object {
        "value": 3.7,
      },
      Object {
        "value": 3.7,
      },
      Object {
        "value": 3.7,
      },
      Object {
        "value": 3.7,
      },
      Object {
        "value": 3.7,
      },
      Object {
        "value": 3.7,
      },
      Object {
        "value": 3.7,
      },
      Object {
        "value": 3.7,
      },
      Object {
        "value": 3.7,
      },
      Object {
        "value": 3.7,
      },
      Object {
        "value": 3.7,
      },
      Object {
        "value": 3.7,
      },
      Object {
        "value": 3.7,
      },
      Object {
        "value": 3.7,
      },
      Object {
        "value": 3.7,
      },
      Object {
        "value": 3.7,
      },
      Object {
        "value": 3.7,
      },
      Object {
        "value": 3.7,
      },
      Object {
        "value": 3.7,
      },
      Object {
        "value": 3.7,
      },
      Object {
        "value": 3.7,
      },
      Object {
        "value": 3.7,
      },
      Object {
        "value": 3.7,
      },
      Object {
        "value": 3.7,
      },
      Object {
        "value": 3.7,
      },
      Object {
        "value": 3.7,
      },
      Object {
        "value": 3.7,
      },
      Object {
        "value": 3.7,
      },
      Object {
        "value": 3.7,
      },
      Object {
        "value": 3.7,
      },
      Object {
        "value": 3.7,
      },
      Object {
        "value": 3.7,
      },
      Object {
        "value": 3.7,
      },
      Object {
        "value": 3.7,
      },
      Object {
        "value": 3.7,
      },
      Object {
        "value": 3.7,
      },
      Object {
        "value": 3.7,
      },
      Object {
        "value": 3.7,
      },
      Object {
        "value": 3.7,
      },
      Object {
        "value": 3.7,
      },
      Object {
        "value": 3.7,
      },
      Object {
        "value": 3.7,
      },
      Object {
        "value": 3.7,
      },
      Object {
        "value": 3.7,
      },
      Object {
        "value": 3.7,
      },
      Object {
        "value": 3.7,
      },
      Object {
        "value": 3.7,
      },
      Object {
        "value": 3.7,
      },
      Object {
        "value": 3.7,
      },
      Object {
        "value": 3.7,
      },
      Object {
        "value": 3.7,
      },
      Object {
        "value": 3.7,
      },
      Object {
        "value": 3.7,
      },
      Object {
        "value": 3.7,
      },
      Object {
        "value": 3.7,
      },
      Object {
        "value": 3.7,
      },
      Object {
        "value": 3.7,
      },
      Object {
        "value": 3.7,
      },
      Object {
        "value": 3.7,
      },
      Object {
        "value": 3.7,
      },
      Object {
        "value": 3.7,
      },
      Object {
        "value": 3.7,
      },
      Object {
        "value": 3.7,
      },
      Object {
        "value": 3.7,
      },
      Object {
        "value": 3.7,
      },
      Object {
        "value": 3.7,
      },
      Object {
        "value": 3.7,
      },
      Object {
        "value": 3.7,
      },
      Object {
        "value": 3.7,
      },
      Object {
        "value": 3.7,
      },
      Object {
        "value": 3.7,
      },
      Object {
        "value": 3.7,
      },
      Object {
        "value": 3.7,
      },
      Object {
        "value": 3.7,
      },
      Object {
        "value": 3.7,
      },
      Object {
        "value": 3.7,
      },
      Object {
        "value": 3.7,
      },
      Object {
        "value": 3.7,
      },
      Object {
        "value": 3.7,
      },
      Object {
        "value": 3.7,
      },
      Object {
        "value": 3.7,
      },
      Object {
        "value": 3.7,
      },
      Object {
        "value": 3.7,
      },
      Object {
        "value": 3.7,
      },
      Object {
        "value": 3.7,
      },
      Object {
        "value": 3.7,
      },
      Object {
        "value": 3.7,
      },
      Object {
        "value": 3.7,
      },
      Object {
        "value": 3.7,
      },
      Object {
        "value": 3.7,
      },
      Object {
        "value": 3.7,
      },
      Object {
        "value": 3.7,
      },
      Object {
        "value": 3.7,
      },
      Object {
        "value": 3.7,
      },
      Object {
        "value": 3.7,
      },
      Object {
        "value": 3.7,
      },
      Object {
        "value": 3.7,
      },
      Object {
        "value": 3.7,
      },
      Object {
        "value": 3.7,
      },
      Object {
        "value": 3.7,
      },
      Object {
        "value": 3.7,
      },
      Object {
        "value": 3.7,
      },
      Object {
        "value": 3.7,
      },
      Object {
        "value": 3.7,
      },
      Object {
        "value": 3.7,
      },
      Object {
        "value": 3.7,
      },
      Object {
        "value": 3.7,
      },
      Object {
        "value": 3.7,
      },
      Object {
        "value": 3.7,
      },
      Object {
        "value": 3.7,
      },
      Object {
        "value": 3.7,
      },
      Object {
        "value": 3.7,
      },
      Object {
        "value": 3.7,
      },
      Object {
        "value": 3.7,
      },
      Object {
        "value": 3.7,
      },
      Object {
        "value": 3.7,
      },
      Object {
        "value": 3.7,
      },
      Object {
        "value": 3.7,
      },
      Object {
        "value": 3.7,
      },
      Object {
        "value": 3.7,
      },
      Object {
        "value": 3.7,
      },
      Object {
        "value": 3.7,
      },
      Object {
        "value": 3.7,
      },
      Object {
        "value": 3.7,
      },
      Object {
        "value": 3.7,
      },
      Object {
        "value": 3.7,
      },
      Object {
        "value": 3.7,
      },
      Object {
        "value": 3.7,
      },
      Object {
        "value": 3.7,
      },
      Object {
        "value": 3.7,
      },
      Object {
        "value": 3.7,
      },
      Object {
        "value": 3.7,
      },
      Object {
        "value": 3.7,
      },
      Object {
        "value": 3.7,
      },
      Object {
        "value": 3.7,
      },
      Object {
        "value": 3.7,
      },
    ]
  }
  width={-100}
>
  <svg
    className="msg pieChart"
  />
</PieGraphImpl>
`;

exports[`Pie Graph Impl Tests Standard Rendering (no data) 1`] = `
<PieGraphImpl>
  <svg
    className="msg pieChart"
  />
</PieGraphImpl>
`;
