// Jest Snapshot v1, https://goo.gl/fbAQLP

exports[`Awaitable Value Edit Dialog Tests Render Test 1`] = `
<AwaitableValueEditDialog>
  <ValueEditDialog
    id=""
    onClose={[Function]}
    onValidate={[Function]}
  >
    <Dialog
      actions={
        {
          "begin": [],
          "end": [
            <Button
              caption="OK"
              disabled={false}
              id="ok"
              onClick={[Function]}
            />,
            <Button
              caption="Cancel"
              id="cancel"
              onClick={[Function]}
            />,
          ],
        }
      }
      caption={
        <g>
          <Icon
            disabled={false}
            src={389}
          />
          <Label />
        </g>
      }
      className="msg valueEditDialog"
      container={
        <body
          theme="dark"
        />
      }
      content={
        <Grid
          columnGap={16}
          columns={8}
          id="contentGrid"
          rowGap={16}
        />
      }
      id=""
      onClose={[Function]}
    >
      <Portal
        container={
          <body
            theme="dark"
          />
        }
        id=""
        onClose={[Function]}
        onOpen={[Function]}
      />
    </Dialog>
    <Menu
      onItemClick={[Function]}
      orientation="column"
      placement="right-start"
    >
      <Popup
        className="msg menu"
        onClose={[Function]}
        onKeyDown={[Function]}
        onOpen={[Function]}
        orientation="column"
        pinned={false}
        placement="right-start"
        showArrow={false}
      >
        <Portal
          className="popupPortal"
          onClose={[Function]}
          onKeyDown={[Function]}
          onOpen={[Function]}
        />
      </Popup>
    </Menu>
  </ValueEditDialog>
</AwaitableValueEditDialog>
`;
