// Jest Snapshot v1, https://goo.gl/fbAQLP

exports[`Password Dialog Tests Render Test 1`] = `<PasswordDialog />`;

exports[`Password Dialog Tests Show and Accept Dialog 1`] = `
<div
  __self="[object Object]"
  __source="[object Object]"
  class="msg portal"
>
  <div
    __self="[object Object]"
    __source="[object Object]"
    class="msg dialog visible passwordDialog"
  >
    <div
      __self="[object Object]"
      __source="[object Object]"
      class="title verticalCenterContent"
    >
      <div
        __self="[object Object]"
        __source="[object Object]"
        class="msg icon codicon codicon-lock"
      />
      <label
        __self="[object Object]"
        __source="[object Object]"
        class="msg label"
        data-tooltip="expand"
      >
        Enter Password
      </label>
      <button
        __self="[object Object]"
        __source="[object Object]"
        class="msg button imageOnly"
        id="closeButton"
        tabindex="0"
      >
        <div
          __self="[object Object]"
          __source="[object Object]"
          class="msg icon"
          style="mask-image: url(close2.svg);"
        />
      </button>
    </div>
    <div
      __self="[object Object]"
      __source="[object Object]"
      class="content fixedScrollbar"
    >
      <div
        __self="[object Object]"
        __source="[object Object]"
        class="msg grid"
        style="grid-template-columns: 30% auto; row-gap: 8px; column-gap: 8px;"
      >
        <div
          __self="[object Object]"
          __source="[object Object]"
          class="msg container fixedScrollbar gridCell"
          style="flex-direction: row; align-items: flex-start; grid-column: span 2;"
        >
          <div
            __self="[object Object]"
            __source="[object Object]"
            class="msg container fixedScrollbar resultText"
            id="caption"
            language="ansi"
            style="flex-direction: column;"
          >
            <code>
              <span>
                I need your password
              </span>
            </code>
          </div>
        </div>
        <div
          __self="[object Object]"
          __source="[object Object]"
          class="msg container fixedScrollbar gridCell left"
          style="flex-direction: row; align-items: center;"
        >
          Service:
        </div>
        <div
          __self="[object Object]"
          __source="[object Object]"
          class="msg container fixedScrollbar gridCell right"
          style="flex-direction: row; align-items: center;"
        >
          <div
            __self="[object Object]"
            __source="[object Object]"
            class="msg container fixedScrollbar resultText"
            language="ansi"
            style="flex-direction: column;"
          >
            <code>
              <span>
                unit tests
              </span>
            </code>
          </div>
        </div>
        <div
          __self="[object Object]"
          __source="[object Object]"
          class="msg container fixedScrollbar gridCell left"
          style="flex-direction: row; align-items: center;"
        >
          User Name:
        </div>
        <div
          __self="[object Object]"
          __source="[object Object]"
          class="msg container fixedScrollbar gridCell right"
          style="flex-direction: row; align-items: center;"
        >
          <div
            __self="[object Object]"
            __source="[object Object]"
            class="msg container fixedScrollbar resultText"
            language="ansi"
            style="flex-direction: column;"
          >
            <code>
              <span>
                mike
              </span>
            </code>
          </div>
        </div>
        <div
          __self="[object Object]"
          __source="[object Object]"
          class="msg container fixedScrollbar gridCell left"
          style="flex-direction: row; align-items: center;"
        >
          Password:
        </div>
        <div
          __self="[object Object]"
          __source="[object Object]"
          class="msg container fixedScrollbar gridCell right"
          style="flex-direction: row; align-items: center;"
        >
          <input
            __self="[object Object]"
            __source="[object Object]"
            class="msg input"
            spellcheck="true"
            type="password"
          />
        </div>
      </div>
    </div>
    <div
      __self="[object Object]"
      __source="[object Object]"
      class="footer verticalCenterContent"
    >
      <div
        __self="[object Object]"
        __source="[object Object]"
        class="msg container fixedScrollbar leftItems"
        style="flex-direction: row;"
      />
      <div
        __self="[object Object]"
        __source="[object Object]"
        class="msg container fixedScrollbar rightItems"
        style="flex-direction: row-reverse;"
      >
        <button
          __self="[object Object]"
          __source="[object Object]"
          caption="OK"
          class="msg button"
          id="ok"
          tabindex="0"
        >
          OK
        </button>
        <button
          __self="[object Object]"
          __source="[object Object]"
          caption="Cancel"
          class="msg button"
          id="cancel"
          tabindex="0"
        >
          Cancel
        </button>
      </div>
    </div>
  </div>
</div>
`;

exports[`Password Dialog Tests Show and Cancel Dialog 1`] = `
<div
  __self="[object Object]"
  __source="[object Object]"
  class="msg portal"
>
  <div
    __self="[object Object]"
    __source="[object Object]"
    class="msg dialog visible passwordDialog"
  >
    <div
      __self="[object Object]"
      __source="[object Object]"
      class="title verticalCenterContent"
    >
      <div
        __self="[object Object]"
        __source="[object Object]"
        class="msg icon codicon codicon-lock"
      />
      <label
        __self="[object Object]"
        __source="[object Object]"
        class="msg label"
        data-tooltip="expand"
      >
        Enter Password
      </label>
      <button
        __self="[object Object]"
        __source="[object Object]"
        class="msg button imageOnly"
        id="closeButton"
        tabindex="0"
      >
        <div
          __self="[object Object]"
          __source="[object Object]"
          class="msg icon"
          style="mask-image: url(close2.svg);"
        />
      </button>
    </div>
    <div
      __self="[object Object]"
      __source="[object Object]"
      class="content fixedScrollbar"
    >
      <div
        __self="[object Object]"
        __source="[object Object]"
        class="msg grid"
        style="grid-template-columns: 30% auto; row-gap: 8px; column-gap: 8px;"
      >
        <div
          __self="[object Object]"
          __source="[object Object]"
          class="msg container fixedScrollbar gridCell"
          style="flex-direction: row; align-items: flex-start; grid-column: span 2;"
        >
          <div
            __self="[object Object]"
            __source="[object Object]"
            class="msg container fixedScrollbar resultText"
            id="caption"
            language="ansi"
            style="flex-direction: column;"
          >
            <code>
              <span>
                I need your password
              </span>
            </code>
          </div>
        </div>
        <div
          __self="[object Object]"
          __source="[object Object]"
          class="msg container fixedScrollbar gridCell left"
          style="flex-direction: row; align-items: center;"
        >
          Service:
        </div>
        <div
          __self="[object Object]"
          __source="[object Object]"
          class="msg container fixedScrollbar gridCell right"
          style="flex-direction: row; align-items: center;"
        >
          <div
            __self="[object Object]"
            __source="[object Object]"
            class="msg container fixedScrollbar resultText"
            language="ansi"
            style="flex-direction: column;"
          >
            <code>
              <span>
                unit tests
              </span>
            </code>
          </div>
        </div>
        <div
          __self="[object Object]"
          __source="[object Object]"
          class="msg container fixedScrollbar gridCell left"
          style="flex-direction: row; align-items: center;"
        >
          User Name:
        </div>
        <div
          __self="[object Object]"
          __source="[object Object]"
          class="msg container fixedScrollbar gridCell right"
          style="flex-direction: row; align-items: center;"
        >
          <div
            __self="[object Object]"
            __source="[object Object]"
            class="msg container fixedScrollbar resultText"
            language="ansi"
            style="flex-direction: column;"
          >
            <code>
              <span>
                mike
              </span>
            </code>
          </div>
        </div>
        <div
          __self="[object Object]"
          __source="[object Object]"
          class="msg container fixedScrollbar gridCell left"
          style="flex-direction: row; align-items: center;"
        >
          Password:
        </div>
        <div
          __self="[object Object]"
          __source="[object Object]"
          class="msg container fixedScrollbar gridCell right"
          style="flex-direction: row; align-items: center;"
        >
          <input
            __self="[object Object]"
            __source="[object Object]"
            class="msg input"
            spellcheck="true"
            type="password"
          />
        </div>
      </div>
    </div>
    <div
      __self="[object Object]"
      __source="[object Object]"
      class="footer verticalCenterContent"
    >
      <div
        __self="[object Object]"
        __source="[object Object]"
        class="msg container fixedScrollbar leftItems"
        style="flex-direction: row;"
      />
      <div
        __self="[object Object]"
        __source="[object Object]"
        class="msg container fixedScrollbar rightItems"
        style="flex-direction: row-reverse;"
      >
        <button
          __self="[object Object]"
          __source="[object Object]"
          caption="OK"
          class="msg button"
          id="ok"
          tabindex="0"
        >
          OK
        </button>
        <button
          __self="[object Object]"
          __source="[object Object]"
          caption="Cancel"
          class="msg button"
          id="cancel"
          tabindex="0"
        >
          Cancel
        </button>
      </div>
    </div>
  </div>
</div>
`;
