// Vitest Snapshot v1, https://vitest.dev/guide/snapshot.html

exports[`CalendarView testing > Calendar view snapshot 1`] = `
<div>
  <div
    class="msg grid calendarView"
    style="grid-template-columns: repeat(7, 1fr);"
  >
    <div
      class="msg container fixedScrollbar gridCell header"
      style="flex-direction: row;"
    >
      <div
        class="msg button"
        id="prevMonthButton"
        role="button"
        tabindex="0"
      />
    </div>
    <div
      class="msg container fixedScrollbar gridCell header"
      style="flex-direction: row; align-items: center; grid-column: span 5;"
    >
      <label
        class="msg label"
        data-tooltip="expand"
        id="title"
      >
        May 2022
      </label>
    </div>
    <div
      class="msg container fixedScrollbar gridCell header"
      style="flex-direction: row;"
    >
      <div
        class="msg button"
        id="nextMonthButton"
        role="button"
        tabindex="0"
      />
    </div>
    <div
      class="msg container fixedScrollbar gridCell header"
      style="flex-direction: row;"
    >
      Mon
    </div>
    <div
      class="msg container fixedScrollbar gridCell header"
      style="flex-direction: row;"
    >
      Tue
    </div>
    <div
      class="msg container fixedScrollbar gridCell header"
      style="flex-direction: row;"
    >
      Wed
    </div>
    <div
      class="msg container fixedScrollbar gridCell header"
      style="flex-direction: row;"
    >
      Thu
    </div>
    <div
      class="msg container fixedScrollbar gridCell header"
      style="flex-direction: row;"
    >
      Fri
    </div>
    <div
      class="msg container fixedScrollbar gridCell header"
      style="flex-direction: row;"
    >
      Sat
    </div>
    <div
      class="msg container fixedScrollbar gridCell header"
      style="flex-direction: row;"
    >
      Sun
    </div>
    <div
      class="msg container fixedScrollbar gridCell"
      style="flex-direction: row;"
    />
    <div
      class="msg container fixedScrollbar gridCell"
      style="flex-direction: row;"
    />
    <div
      class="msg container fixedScrollbar gridCell"
      style="flex-direction: row;"
    />
    <div
      class="msg container fixedScrollbar gridCell"
      style="flex-direction: row;"
    />
    <div
      class="msg container fixedScrollbar gridCell"
      style="flex-direction: row;"
    />
    <div
      class="msg container fixedScrollbar gridCell"
      style="flex-direction: row;"
    />
    <div
      class="msg container fixedScrollbar gridCell"
      style="flex-direction: row;"
    >
      <div
        caption="1"
        class="msg button"
        role="button"
        tabindex="0"
      >
        1
      </div>
    </div>
    <div
      class="msg container fixedScrollbar gridCell"
      style="flex-direction: row;"
    >
      <div
        caption="2"
        class="msg button"
        role="button"
        tabindex="0"
      >
        2
      </div>
    </div>
    <div
      class="msg container fixedScrollbar gridCell"
      style="flex-direction: row;"
    >
      <div
        caption="3"
        class="msg button"
        role="button"
        tabindex="0"
      >
        3
      </div>
    </div>
    <div
      class="msg container fixedScrollbar gridCell"
      style="flex-direction: row;"
    >
      <div
        caption="4"
        class="msg button"
        role="button"
        tabindex="0"
      >
        4
      </div>
    </div>
    <div
      class="msg container fixedScrollbar gridCell"
      style="flex-direction: row;"
    >
      <div
        caption="5"
        class="msg button"
        role="button"
        tabindex="0"
      >
        5
      </div>
    </div>
    <div
      class="msg container fixedScrollbar gridCell"
      style="flex-direction: row;"
    >
      <div
        caption="6"
        class="msg button"
        role="button"
        tabindex="0"
      >
        6
      </div>
    </div>
    <div
      class="msg container fixedScrollbar gridCell"
      style="flex-direction: row;"
    >
      <div
        caption="7"
        class="msg button"
        role="button"
        tabindex="0"
      >
        7
      </div>
    </div>
    <div
      class="msg container fixedScrollbar gridCell"
      style="flex-direction: row;"
    >
      <div
        caption="8"
        class="msg button"
        role="button"
        tabindex="0"
      >
        8
      </div>
    </div>
    <div
      class="msg container fixedScrollbar gridCell"
      style="flex-direction: row;"
    >
      <div
        caption="9"
        class="msg button"
        role="button"
        tabindex="0"
      >
        9
      </div>
    </div>
    <div
      class="msg container fixedScrollbar gridCell"
      style="flex-direction: row;"
    >
      <div
        caption="10"
        class="msg button"
        role="button"
        tabindex="0"
      >
        10
      </div>
    </div>
    <div
      class="msg container fixedScrollbar gridCell"
      style="flex-direction: row;"
    >
      <div
        caption="11"
        class="msg button"
        role="button"
        tabindex="0"
      >
        11
      </div>
    </div>
    <div
      class="msg container fixedScrollbar gridCell"
      style="flex-direction: row;"
    >
      <div
        caption="12"
        class="msg button"
        role="button"
        tabindex="0"
      >
        12
      </div>
    </div>
    <div
      class="msg container fixedScrollbar gridCell"
      style="flex-direction: row;"
    >
      <div
        caption="13"
        class="msg button"
        role="button"
        tabindex="0"
      >
        13
      </div>
    </div>
    <div
      class="msg container fixedScrollbar gridCell"
      style="flex-direction: row;"
    >
      <div
        caption="14"
        class="msg button"
        role="button"
        tabindex="0"
      >
        14
      </div>
    </div>
    <div
      class="msg container fixedScrollbar gridCell"
      style="flex-direction: row;"
    >
      <div
        caption="15"
        class="msg button"
        role="button"
        tabindex="0"
      >
        15
      </div>
    </div>
    <div
      class="msg container fixedScrollbar gridCell"
      style="flex-direction: row;"
    >
      <div
        caption="16"
        class="msg button"
        role="button"
        tabindex="0"
      >
        16
      </div>
    </div>
    <div
      class="msg container fixedScrollbar gridCell"
      style="flex-direction: row;"
    >
      <div
        caption="17"
        class="msg button"
        role="button"
        tabindex="0"
      >
        17
      </div>
    </div>
    <div
      class="msg container fixedScrollbar gridCell"
      style="flex-direction: row;"
    >
      <div
        caption="18"
        class="msg button"
        role="button"
        tabindex="0"
      >
        18
      </div>
    </div>
    <div
      class="msg container fixedScrollbar gridCell"
      style="flex-direction: row;"
    >
      <div
        caption="19"
        class="msg button"
        role="button"
        tabindex="0"
      >
        19
      </div>
    </div>
    <div
      class="msg container fixedScrollbar gridCell"
      style="flex-direction: row;"
    >
      <div
        caption="20"
        class="msg button"
        role="button"
        tabindex="0"
      >
        20
      </div>
    </div>
    <div
      class="msg container fixedScrollbar gridCell"
      style="flex-direction: row;"
    >
      <div
        caption="21"
        class="msg button"
        role="button"
        tabindex="0"
      >
        21
      </div>
    </div>
    <div
      class="msg container fixedScrollbar gridCell"
      style="flex-direction: row;"
    >
      <div
        caption="22"
        class="msg button"
        role="button"
        tabindex="0"
      >
        22
      </div>
    </div>
    <div
      class="msg container fixedScrollbar gridCell"
      style="flex-direction: row;"
    >
      <div
        caption="23"
        class="msg button"
        role="button"
        tabindex="0"
      >
        23
      </div>
    </div>
    <div
      class="msg container fixedScrollbar gridCell"
      style="flex-direction: row;"
    >
      <div
        caption="24"
        class="msg button"
        role="button"
        tabindex="0"
      >
        24
      </div>
    </div>
    <div
      class="msg container fixedScrollbar gridCell"
      style="flex-direction: row;"
    >
      <div
        caption="25"
        class="msg button"
        role="button"
        tabindex="0"
      >
        25
      </div>
    </div>
    <div
      class="msg container fixedScrollbar gridCell"
      style="flex-direction: row;"
    >
      <div
        caption="26"
        class="msg button"
        role="button"
        tabindex="0"
      >
        26
      </div>
    </div>
    <div
      class="msg container fixedScrollbar gridCell"
      style="flex-direction: row;"
    >
      <div
        caption="27"
        class="msg button"
        role="button"
        tabindex="0"
      >
        27
      </div>
    </div>
    <div
      class="msg container fixedScrollbar gridCell"
      style="flex-direction: row;"
    >
      <div
        caption="28"
        class="msg button"
        role="button"
        tabindex="0"
      >
        28
      </div>
    </div>
    <div
      class="msg container fixedScrollbar gridCell"
      style="flex-direction: row;"
    >
      <div
        caption="29"
        class="msg button"
        role="button"
        tabindex="0"
      >
        29
      </div>
    </div>
    <div
      class="msg container fixedScrollbar gridCell"
      style="flex-direction: row;"
    >
      <div
        caption="30"
        class="msg button"
        role="button"
        tabindex="0"
      >
        30
      </div>
    </div>
    <div
      class="msg container fixedScrollbar gridCell"
      style="flex-direction: row;"
    >
      <div
        caption="31"
        class="msg button"
        role="button"
        tabindex="0"
      >
        31
      </div>
    </div>
  </div>
</div>
`;
