// Jest Snapshot v1, https://goo.gl/fbAQLP

exports[`Checkbox component tests Test checkbox output (Snapshot) 1`] = `
<div>
  <Checkbox
    checkState={0}
    disabled={false}
    id="cb1"
    name="cb"
  >
    <label
      className="msg checkbox unchecked"
      id="cb1"
      name="cb"
      onClick={[Function]}
      onKeyPress={[Function]}
      tabIndex={0}
    >
      <span
        className="checkMark"
      />
      Unchecked checkbox
    </label>
  </Checkbox>
  <Checkbox
    checkState={2}
    disabled={false}
    id="cb2"
    name="cb"
  >
    <label
      className="msg checkbox indeterminate"
      id="cb2"
      name="cb"
      onClick={[Function]}
      onKeyPress={[Function]}
      tabIndex={0}
    >
      <span
        className="checkMark"
      />
      Indeterminate checkbox
    </label>
  </Checkbox>
  <Checkbox
    checkState={1}
    disabled={false}
    id="cb3"
    name="cb"
  >
    <label
      className="msg checkbox checked"
      id="cb3"
      name="cb"
      onClick={[Function]}
      onKeyPress={[Function]}
      tabIndex={0}
    >
      <span
        className="checkMark"
      />
      Checked checkbox
    </label>
  </Checkbox>
  <Checkbox
    checkState={2}
    disabled={true}
    id="cb4"
    name="cb"
  >
    <label
      className="msg checkbox indeterminate disabled"
      id="cb4"
      name="cb"
      onClick={[Function]}
      onKeyPress={[Function]}
      tabIndex={0}
    >
      <span
        className="checkMark"
      />
      Disabled checkbox
    </label>
  </Checkbox>
</div>
`;
