// Jest Snapshot v1, https://goo.gl/fbAQLP

exports[`CodeEditor component tests Standard Rendering 1`] = `
<CodeEditor
  allowSoftWrap={false}
  componentMinWidth={200}
  detectLinks={false}
  lineNumbers="on"
  useTabStops={false}
>
  <div
    className="msg editorHost"
  />
</CodeEditor>
`;
