// Jest Snapshot v1, https://goo.gl/fbAQLP

exports[`Dropdown render testing Standard Rendering 1`] = `
<Dropdown
  initialSelection="tesla"
  multiSelect={false}
  optional={false}
  showDescription={false}
  style={
    Object {
      "maxWidth": "300px",
    }
  }
  withoutArrow={false}
>
  <Container
    className="msg dropdown"
    crossAlignment="center"
    innerRef={
      Object {
        "current": Object {
          "l": Object {
            "clickfalse": [Function],
            "keydownfalse": [Function],
          },
        },
      }
    }
    onClick={[Function]}
    onKeyDown={[Function]}
    orientation="row"
    style={
      Object {
        "maxWidth": "300px",
      }
    }
    tabIndex={0}
  >
    <div
      className="msg container fixedScrollbar dropdown"
      onClick={[Function]}
      onKeyDown={[Function]}
      style={
        Object {
          "alignItems": "center",
          "flexDirection": "row",
          "flexWrap": undefined,
          "justifyContent": undefined,
          "maxWidth": "300px",
        }
      }
      tabIndex={0}
    >
      <Label
        className="ellipsis"
      >
        <label
          className="msg label ellipsis"
          data-tooltip="expand"
          style={
            Object {
              "textAlign": undefined,
            }
          }
        >
          Tesla
        </label>
      </Label>
    </div>
  </Container>
  <Popup
    className="dropdownList"
    id="Popup"
    innerRef={
      Object {
        "current": null,
      }
    }
    onClose={[Function]}
    onOpen={[Function]}
    orientation="column"
    pinned={false}
    placement="bottom-end"
    showArrow={false}
  >
    <Portal
      id="Popup"
      onClose={[Function]}
      onOpen={[Function]}
    />
  </Popup>
</Dropdown>
`;
