// Jest Snapshot v1, https://goo.gl/fbAQLP

exports[`Group component tests Standard Rendering 1`] = `
<Group
  caption="Group with Title"
  id="group2"
>
  <fieldset
    className="msg group"
    id="group2"
  >
    <legend>
      Group with Title
    </legend>
  </fieldset>
</Group>
`;
