// Jest Snapshot v1, https://goo.gl/fbAQLP

exports[`Icon component tests Standard Rendering 1`] = `
<Icon
  disabled={false}
  src="close.svg"
>
  <div
    className="msg icon"
    style={
      Object {
        "WebkitMaskImage": "url(close.svg)",
        "backgroundColor": undefined,
        "height": undefined,
        "maskImage": "url(close.svg)",
        "width": undefined,
      }
    }
  />
</Icon>
`;
