// Jest Snapshot v1, https://goo.gl/fbAQLP

exports[`Image component tests Standard Rendering 1`] = `
<Image
  disabled={false}
  src="close.svg"
  style={
    Object {
      "height": "64px",
    }
  }
>
  <img
    className="msg image"
    src="close.svg"
    style={
      Object {
        "height": "64px",
      }
    }
  />
</Image>
`;
