// Jest Snapshot v1, https://goo.gl/fbAQLP

exports[`Message render testing Test Message output (snapshot) 1`] = `
<Message
  type={1}
>
  <div
    className="msg message warning"
  >
    Warning: Don't touch, it's hot
  </div>
</Message>
`;
