// Jest Snapshot v1, https://goo.gl/fbAQLP

exports[`ColorPopup component tests Test ColorPopup output (snapshot) 1`] = `
<ColorPopup>
  <Popup
    className="msg colorPopup"
    onOpen={[Function]}
    orientation="column"
    pinned={false}
    placement="bottom"
    showArrow={true}
  >
    <Portal
      onClose={[Function]}
      onOpen={[Function]}
    />
  </Popup>
</ColorPopup>
`;
