// Jest Snapshot v1, https://goo.gl/fbAQLP

exports[`MRS AuthApp dialog tests Show MRS Authentication App Dialog (snapshot) and escape 1`] = `
<div
  class="msg portal"
  id="mrsAuthenticationAppDialog"
  style="--background-opacity: 0.5;"
>
  <div
    class="msg dialog visible valueEditDialog"
  >
    <div
      class="title verticalCenterContent"
    >
      <div
        class="msg icon codicon codicon-terminal"
      />
      <label
        class="msg label"
        data-tooltip="expand"
      >
        MySQL REST Authentication App
      </label>
      <div
        class="msg button imageOnly"
        id="closeButton"
        role="button"
        tabindex="0"
      >
        <div
          class="msg icon"
          style="mask-image: url("close2.svg"); mask-size: 100% 100%; mask-composite: subtract;"
        />
      </div>
    </div>
    <div
      class="content fixedScrollbar"
    >
      <div
        class="msg grid"
        id="contentGrid"
        style="grid-template-columns: repeat(8, 1fr); row-gap: 16px; column-gap: 16px;"
      >
        <div
          class="msg container fixedScrollbar gridCell"
          style="flex-direction: row; grid-column: span 8;"
        >
          <label
            class="msg label sectionTitle"
            data-tooltip="expand"
          >
            Enter Configuration Values for the New MRS Authentication App
          </label>
        </div>
        <div
          class="msg container fixedScrollbar gridCell"
          style="flex-direction: column; justify-content: flex-start; align-items: stretch; grid-column: span 2;"
        >
          <label
            class="msg label valueTitle"
            data-tooltip="expand"
          >
            Vendor
          </label>
          <div
            class="msg container fixedScrollbar dropdown valueEditor"
            data-tooltip="inherit"
            id="authVendorName"
            style="flex-direction: row; align-items: center;"
            tabindex="0"
          />
          <label
            class="msg label cellDescription"
            data-tooltip="expand"
          >
            The authentication vendor
          </label>
        </div>
        <div
          class="msg container fixedScrollbar gridCell"
          style="flex-direction: column; justify-content: flex-start; align-items: stretch; grid-column: span 3;"
        >
          <label
            class="msg label valueTitle"
            data-tooltip="expand"
          >
            Name
          </label>
          <div
            class="msg container fixedScrollbar inputWithProgress"
            style="flex-direction: row;"
          >
            <input
              class="msg input valueEditor"
              id="name"
              spellcheck="true"
              type="text"
            />
          </div>
          <label
            class="msg label cellDescription"
            data-tooltip="expand"
          >
            The name of the authentication app
          </label>
        </div>
        <div
          class="msg container fixedScrollbar gridCell"
          style="flex-direction: column; justify-content: flex-start; align-items: stretch; grid-column: span 3;"
        >
          <label
            class="msg label valueTitle"
            data-tooltip="expand"
          >
            Flags
          </label>
          <label
            class="msg checkbox checked valueEditor"
            id="enabled"
            tabindex="0"
          >
            <span
              class="checkMark"
            />
            Enabled
          </label>
          <label
            class="msg checkbox unchecked valueEditor"
            id="limitToRegisteredUsers"
            tabindex="0"
          >
            <span
              class="checkMark"
            />
            Limit to registered users
          </label>
        </div>
        <div
          class="msg container fixedScrollbar gridCell"
          style="flex-direction: row; grid-column: span 8;"
        >
          <div
            class="msg container fixedScrollbar tabview top"
            style="flex-direction: column; --tabItem-border-width: 0px; --content-separator-width: 0px;"
          >
            <div
              class="msg container tabAreaContainer"
              style="flex-direction: row;"
            >
              <div
                class="scrollable"
              >
                <div
                  class="msg container tabArea stretched"
                  style="flex-direction: row;"
                >
                  <div
                    class="msg button tabItem selected"
                    id="page0"
                    role="button"
                    tabindex="-1"
                  >
                    <label
                      class="msg label"
                      data-tooltip="inherit"
                    >
                      Settings
                    </label>
                  </div>
                  <div
                    class="msg button tabItem"
                    id="page1"
                    role="button"
                    tabindex="-1"
                  >
                    <label
                      class="msg label"
                      data-tooltip="inherit"
                    >
                      Options
                    </label>
                  </div>
                </div>
                <div
                  class="scrollbar"
                >
                  <div
                    class="slider"
                  />
                </div>
              </div>
            </div>
            <div
              class="msg container fixedScrollbar tabContent"
              style="flex-direction: column;"
            >
              <div
                class="msg grid"
                style="grid-template-columns: repeat(8, 1fr); row-gap: 16px; column-gap: 16px;"
              >
                <div
                  class="msg container fixedScrollbar gridCell"
                  style="flex-direction: column; justify-content: flex-start; align-items: stretch; grid-column: span 5;"
                >
                  <label
                    class="msg label valueTitle"
                    data-tooltip="expand"
                  >
                    Description
                  </label>
                  <div
                    class="msg container fixedScrollbar inputWithProgress"
                    style="flex-direction: row;"
                  >
                    <textarea
                      class="msg input valueEditor"
                      id="description"
                      rows="8"
                      spellcheck="true"
                      type="text"
                    />
                  </div>
                  <label
                    class="msg label cellDescription"
                    data-tooltip="expand"
                  >
                    A short description of the app
                  </label>
                </div>
                <div
                  class="msg container fixedScrollbar gridCell"
                  style="flex-direction: column; justify-content: flex-start; align-items: stretch; grid-column: span 3;"
                >
                  <label
                    class="msg label valueTitle"
                    data-tooltip="expand"
                  >
                    Default Role
                  </label>
                  <div
                    class="msg container fixedScrollbar dropdown valueEditor"
                    data-tooltip="inherit"
                    id="defaultRoleName"
                    style="flex-direction: row; align-items: center;"
                    tabindex="0"
                  >
                    <label
                      class="msg label ellipsis"
                      data-tooltip="expand"
                    >
                      Full Access
                    </label>
                  </div>
                  <label
                    class="msg label cellDescription"
                    data-tooltip="expand"
                  >
                    The default role for users
                  </label>
                </div>
              </div>
            </div>
          </div>
        </div>
      </div>
    </div>
    <div
      class="footer verticalCenterContent"
    >
      <div
        class="msg container fixedScrollbar leftItems"
        style="flex-direction: row;"
      />
      <div
        class="msg container fixedScrollbar rightItems"
        style="flex-direction: row-reverse;"
      >
        <div
          caption="OK"
          class="msg button"
          id="ok"
          role="button"
          tabindex="0"
        >
          OK
        </div>
        <div
          caption="Cancel"
          class="msg button"
          id="cancel"
          role="button"
          tabindex="0"
        >
          Cancel
        </div>
      </div>
    </div>
  </div>
</div>
`;
