// Jest Snapshot v1, https://goo.gl/fbAQLP

exports[`MRS Object field editor tests Standard Rendering (snapshot) 1`] = `
<MrsHub>
  <MrsServiceDialog
    key="MrsServiceDialog"
  >
    <ValueEditDialog
      id="mrsServiceDialog"
      onClose={[Function]}
      onValidate={[Function]}
    >
      <Dialog
        actions={
          {
            "begin": [],
            "end": [
              <Button
                caption="OK"
                disabled={false}
                id="ok"
                onClick={[Function]}
              />,
              <Button
                caption="Cancel"
                id="cancel"
                onClick={[Function]}
              />,
            ],
          }
        }
        caption={
          <g>
            <Icon
              disabled={false}
              src={391}
            />
            <Label />
          </g>
        }
        className="msg valueEditDialog"
        container={
          <body
            theme="dark"
          />
        }
        content={
          <Grid
            columnGap={16}
            columns={8}
            id="contentGrid"
            rowGap={16}
          />
        }
        id="mrsServiceDialog"
        onClose={[Function]}
      >
        <Portal
          container={
            <body
              theme="dark"
            />
          }
          id="mrsServiceDialog"
          onClose={[Function]}
          onOpen={[Function]}
        />
      </Dialog>
      <Menu
        onItemClick={[Function]}
        orientation="column"
        placement="right-start"
      >
        <Popup
          className="msg menu"
          onClose={[Function]}
          onKeyDown={[Function]}
          onOpen={[Function]}
          orientation="column"
          pinned={false}
          placement="right-start"
          showArrow={false}
        >
          <Portal
            className="popupPortal"
            onClose={[Function]}
            onKeyDown={[Function]}
            onOpen={[Function]}
          />
        </Popup>
      </Menu>
    </ValueEditDialog>
  </MrsServiceDialog>
  <MrsSchemaDialog
    key="MrsSchemaDialog"
  >
    <ValueEditDialog
      id="mrsSchemaDialog"
      onClose={[Function]}
      onValidate={[Function]}
    >
      <Dialog
        actions={
          {
            "begin": [],
            "end": [
              <Button
                caption="OK"
                disabled={false}
                id="ok"
                onClick={[Function]}
              />,
              <Button
                caption="Cancel"
                id="cancel"
                onClick={[Function]}
              />,
            ],
          }
        }
        caption={
          <g>
            <Icon
              disabled={false}
              src={391}
            />
            <Label />
          </g>
        }
        className="msg valueEditDialog"
        container={
          <body
            theme="dark"
          />
        }
        content={
          <Grid
            columnGap={16}
            columns={8}
            id="contentGrid"
            rowGap={16}
          />
        }
        id="mrsSchemaDialog"
        onClose={[Function]}
      >
        <Portal
          container={
            <body
              theme="dark"
            />
          }
          id="mrsSchemaDialog"
          onClose={[Function]}
          onOpen={[Function]}
        />
      </Dialog>
      <Menu
        onItemClick={[Function]}
        orientation="column"
        placement="right-start"
      >
        <Popup
          className="msg menu"
          onClose={[Function]}
          onKeyDown={[Function]}
          onOpen={[Function]}
          orientation="column"
          pinned={false}
          placement="right-start"
          showArrow={false}
        >
          <Portal
            className="popupPortal"
            onClose={[Function]}
            onKeyDown={[Function]}
            onOpen={[Function]}
          />
        </Popup>
      </Menu>
    </ValueEditDialog>
  </MrsSchemaDialog>
  <MrsDbObjectDialog
    key="MrsDbObjectDialog"
  >
    <ValueEditDialog
      id="mrsDbObjectDialog"
      onClose={[Function]}
      onValidate={[Function]}
    >
      <Dialog
        actions={
          {
            "begin": [],
            "end": [
              <Button
                caption="OK"
                disabled={false}
                id="ok"
                onClick={[Function]}
              />,
              <Button
                caption="Cancel"
                id="cancel"
                onClick={[Function]}
              />,
            ],
          }
        }
        caption={
          <g>
            <Icon
              disabled={false}
              src={391}
            />
            <Label />
          </g>
        }
        className="msg valueEditDialog"
        container={
          <body
            theme="dark"
          />
        }
        content={
          <Grid
            columnGap={16}
            columns={8}
            id="contentGrid"
            rowGap={16}
          />
        }
        id="mrsDbObjectDialog"
        onClose={[Function]}
      >
        <Portal
          container={
            <body
              theme="dark"
            />
          }
          id="mrsDbObjectDialog"
          onClose={[Function]}
          onOpen={[Function]}
        />
      </Dialog>
      <Menu
        onItemClick={[Function]}
        orientation="column"
        placement="right-start"
      >
        <Popup
          className="msg menu"
          onClose={[Function]}
          onKeyDown={[Function]}
          onOpen={[Function]}
          orientation="column"
          pinned={false}
          placement="right-start"
          showArrow={false}
        >
          <Portal
            className="popupPortal"
            onClose={[Function]}
            onKeyDown={[Function]}
            onOpen={[Function]}
          />
        </Popup>
      </Menu>
    </ValueEditDialog>
  </MrsDbObjectDialog>
  <MrsContentSetDialog
    key="MrsContentSetDialog"
  >
    <ValueEditDialog
      id="mrsContentSetDialog"
      onClose={[Function]}
      onValidate={[Function]}
    >
      <Dialog
        actions={
          {
            "begin": [],
            "end": [
              <Button
                caption="OK"
                disabled={false}
                id="ok"
                onClick={[Function]}
              />,
              <Button
                caption="Cancel"
                id="cancel"
                onClick={[Function]}
              />,
            ],
          }
        }
        caption={
          <g>
            <Icon
              disabled={false}
              src={391}
            />
            <Label />
          </g>
        }
        className="msg valueEditDialog"
        container={
          <body
            theme="dark"
          />
        }
        content={
          <Grid
            columnGap={16}
            columns={8}
            id="contentGrid"
            rowGap={16}
          />
        }
        id="mrsContentSetDialog"
        onClose={[Function]}
      >
        <Portal
          container={
            <body
              theme="dark"
            />
          }
          id="mrsContentSetDialog"
          onClose={[Function]}
          onOpen={[Function]}
        />
      </Dialog>
      <Menu
        onItemClick={[Function]}
        orientation="column"
        placement="right-start"
      >
        <Popup
          className="msg menu"
          onClose={[Function]}
          onKeyDown={[Function]}
          onOpen={[Function]}
          orientation="column"
          pinned={false}
          placement="right-start"
          showArrow={false}
        >
          <Portal
            className="popupPortal"
            onClose={[Function]}
            onKeyDown={[Function]}
            onOpen={[Function]}
          />
        </Popup>
      </Menu>
    </ValueEditDialog>
  </MrsContentSetDialog>
  <MrsAuthenticationAppDialog
    key="MrsAuthenticationAppDialog"
  >
    <ValueEditDialog
      id="mrsAuthenticationAppDialog"
      onClose={[Function]}
      onValidate={[Function]}
    >
      <Dialog
        actions={
          {
            "begin": [],
            "end": [
              <Button
                caption="OK"
                disabled={false}
                id="ok"
                onClick={[Function]}
              />,
              <Button
                caption="Cancel"
                id="cancel"
                onClick={[Function]}
              />,
            ],
          }
        }
        caption={
          <g>
            <Icon
              disabled={false}
              src={391}
            />
            <Label />
          </g>
        }
        className="msg valueEditDialog"
        container={
          <body
            theme="dark"
          />
        }
        content={
          <Grid
            columnGap={16}
            columns={8}
            id="contentGrid"
            rowGap={16}
          />
        }
        id="mrsAuthenticationAppDialog"
        onClose={[Function]}
      >
        <Portal
          container={
            <body
              theme="dark"
            />
          }
          id="mrsAuthenticationAppDialog"
          onClose={[Function]}
          onOpen={[Function]}
        />
      </Dialog>
      <Menu
        onItemClick={[Function]}
        orientation="column"
        placement="right-start"
      >
        <Popup
          className="msg menu"
          onClose={[Function]}
          onKeyDown={[Function]}
          onOpen={[Function]}
          orientation="column"
          pinned={false}
          placement="right-start"
          showArrow={false}
        >
          <Portal
            className="popupPortal"
            onClose={[Function]}
            onKeyDown={[Function]}
            onOpen={[Function]}
          />
        </Popup>
      </Menu>
    </ValueEditDialog>
  </MrsAuthenticationAppDialog>
  <MrsUserDialog
    key="MrsUserDialog"
  >
    <ValueEditDialog
      id="mrsUserDialog"
      onClose={[Function]}
      onValidate={[Function]}
    >
      <Dialog
        actions={
          {
            "begin": [],
            "end": [
              <Button
                caption="OK"
                disabled={false}
                id="ok"
                onClick={[Function]}
              />,
              <Button
                caption="Cancel"
                id="cancel"
                onClick={[Function]}
              />,
            ],
          }
        }
        caption={
          <g>
            <Icon
              disabled={false}
              src={391}
            />
            <Label />
          </g>
        }
        className="msg valueEditDialog"
        container={
          <body
            theme="dark"
          />
        }
        content={
          <Grid
            columnGap={16}
            columns={8}
            id="contentGrid"
            rowGap={16}
          />
        }
        id="mrsUserDialog"
        onClose={[Function]}
      >
        <Portal
          container={
            <body
              theme="dark"
            />
          }
          id="mrsUserDialog"
          onClose={[Function]}
          onOpen={[Function]}
        />
      </Dialog>
      <Menu
        onItemClick={[Function]}
        orientation="column"
        placement="right-start"
      >
        <Popup
          className="msg menu"
          onClose={[Function]}
          onKeyDown={[Function]}
          onOpen={[Function]}
          orientation="column"
          pinned={false}
          placement="right-start"
          showArrow={false}
        >
          <Portal
            className="popupPortal"
            onClose={[Function]}
            onKeyDown={[Function]}
            onOpen={[Function]}
          />
        </Popup>
      </Menu>
    </ValueEditDialog>
  </MrsUserDialog>
  <MrsSdkExportDialog
    key="MrsSdkExportDialog"
  >
    <ValueEditDialog
      id="mrsSdkExportDialog"
      onClose={[Function]}
      onValidate={[Function]}
    >
      <Dialog
        actions={
          {
            "begin": [],
            "end": [
              <Button
                caption="OK"
                disabled={false}
                id="ok"
                onClick={[Function]}
              />,
              <Button
                caption="Cancel"
                id="cancel"
                onClick={[Function]}
              />,
            ],
          }
        }
        caption={
          <g>
            <Icon
              disabled={false}
              src={391}
            />
            <Label />
          </g>
        }
        className="msg valueEditDialog"
        container={
          <body
            theme="dark"
          />
        }
        content={
          <Grid
            columnGap={16}
            columns={8}
            id="contentGrid"
            rowGap={16}
          />
        }
        id="mrsSdkExportDialog"
        onClose={[Function]}
      >
        <Portal
          container={
            <body
              theme="dark"
            />
          }
          id="mrsSdkExportDialog"
          onClose={[Function]}
          onOpen={[Function]}
        />
      </Dialog>
      <Menu
        onItemClick={[Function]}
        orientation="column"
        placement="right-start"
      >
        <Popup
          className="msg menu"
          onClose={[Function]}
          onKeyDown={[Function]}
          onOpen={[Function]}
          orientation="column"
          pinned={false}
          placement="right-start"
          showArrow={false}
        >
          <Portal
            className="popupPortal"
            onClose={[Function]}
            onKeyDown={[Function]}
            onOpen={[Function]}
          />
        </Popup>
      </Menu>
    </ValueEditDialog>
  </MrsSdkExportDialog>
</MrsHub>
`;
