// Jest Snapshot v1, https://goo.gl/fbAQLP

exports[`MRS Schema dialog tests Show MRS Schema Dialog (snapshot) and escape 1`] = `
<div
  class="msg portal"
  id="mrsSchemaDialog"
  style="--background-opacity: 0.5;"
>
  <div
    class="msg dialog visible valueEditDialog"
  >
    <div
      class="title verticalCenterContent"
    >
      <div
        class="msg icon codicon codicon-terminal"
      />
      <label
        class="msg label"
        data-tooltip="expand"
      >
        MySQL REST Schema
      </label>
      <div
        class="msg button imageOnly"
        id="closeButton"
        role="button"
        tabindex="0"
      >
        <div
          class="msg icon"
          style="mask-image: url("close2.svg");"
        />
      </div>
    </div>
    <div
      class="content fixedScrollbar"
    >
      <div
        class="msg grid"
        id="contentGrid"
        style="grid-template-columns: repeat(8, 1fr); row-gap: 16px; column-gap: 16px;"
      >
        <div
          class="msg container fixedScrollbar gridCell"
          style="flex-direction: row; grid-column: span 8;"
        >
          <label
            class="msg label sectionTitle"
            data-tooltip="expand"
          >
            Enter Configuration Values for the New REST Schema
          </label>
        </div>
        <div
          class="msg container fixedScrollbar gridCell"
          style="flex-direction: column; justify-content: flex-start; align-items: stretch; grid-column: span 3;"
        >
          <label
            class="msg label valueTitle"
            data-tooltip="expand"
          >
            REST Service Path
          </label>
          <div
            class="msg container fixedScrollbar dropdown valueEditor"
            data-tooltip="inherit"
            id="service"
            style="flex-direction: row; align-items: center;"
            tabindex="0"
          >
            <label
              class="msg label ellipsis"
              data-tooltip="expand"
            >
              /myService
            </label>
          </div>
          <label
            class="msg label cellDescription"
            data-tooltip="expand"
          >
            The path of the REST Service this REST Schema belongs to.
          </label>
        </div>
        <div
          class="msg container fixedScrollbar gridCell"
          style="flex-direction: column; justify-content: flex-start; align-items: stretch; grid-column: span 3;"
        >
          <label
            class="msg label valueTitle"
            data-tooltip="expand"
          >
            REST Schema Path
          </label>
          <div
            class="msg container fixedScrollbar inputWithProgress"
            style="flex-direction: row;"
          >
            <input
              class="msg input valueEditor"
              id="requestPath"
              spellcheck="true"
              type="text"
            />
          </div>
          <label
            class="msg label cellDescription"
            data-tooltip="expand"
          >
            The request path to access the schema, has to start with / and needs to be unique.
          </label>
        </div>
        <div
          class="msg container fixedScrollbar gridCell"
          style="flex-direction: column; justify-content: flex-start; align-items: stretch; grid-column: span 2;"
        >
          <label
            class="msg label valueTitle"
            data-tooltip="expand"
          >
            REST Schema Flags
          </label>
          <div
            class="msg container fixedScrollbar dropdown valueEditor"
            data-tooltip="inherit"
            id="enabled"
            style="flex-direction: row; align-items: center;"
            tabindex="0"
          >
            <label
              class="msg label ellipsis"
              data-tooltip="expand"
            >
              Access ENABLED
            </label>
          </div>
          <label
            class="msg checkbox unchecked valueEditor"
            id="requiresAuth"
            tabindex="0"
          >
            <span
              class="checkMark"
            />
            Auth. Required
          </label>
        </div>
        <div
          class="msg container fixedScrollbar gridCell"
          style="flex-direction: row; grid-column: span 8;"
        >
          <div
            class="msg container fixedScrollbar tabview top"
            style="flex-direction: column; --tabItem-border-width: 0px; --content-separator-width: 0px;"
          >
            <div
              class="msg container tabAreaContainer"
              style="flex-direction: row;"
            >
              <div
                class="scrollable"
              >
                <div
                  class="msg container tabArea stretched"
                  style="flex-direction: row;"
                >
                  <div
                    class="msg button tabItem selected"
                    id="page0"
                    role="button"
                    tabindex="-1"
                  >
                    <label
                      class="msg label"
                      data-tooltip="inherit"
                    >
                      Settings
                    </label>
                  </div>
                  <div
                    class="msg button tabItem"
                    id="page1"
                    role="button"
                    tabindex="-1"
                  >
                    <label
                      class="msg label"
                      data-tooltip="inherit"
                    >
                      Options
                    </label>
                  </div>
                  <div
                    class="msg button tabItem"
                    id="page2"
                    role="button"
                    tabindex="-1"
                  >
                    <label
                      class="msg label"
                      data-tooltip="inherit"
                    >
                      Metadata
                    </label>
                  </div>
                </div>
                <div
                  class="scrollbar"
                >
                  <div
                    class="slider"
                  />
                </div>
              </div>
            </div>
            <div
              class="msg container fixedScrollbar content"
              style="flex-direction: column;"
            >
              <div
                class="msg grid"
                style="grid-template-columns: repeat(8, 1fr); row-gap: 16px; column-gap: 16px;"
              >
                <div
                  class="msg container fixedScrollbar gridCell"
                  style="flex-direction: column; justify-content: flex-start; align-items: stretch; grid-column: span 5;"
                >
                  <label
                    class="msg label valueTitle"
                    data-tooltip="expand"
                  >
                    Database Schema Name
                  </label>
                  <div
                    class="msg container fixedScrollbar inputWithProgress"
                    style="flex-direction: row;"
                  >
                    <input
                      class="msg input valueEditor"
                      id="dbSchemaName"
                      spellcheck="true"
                      type="text"
                    />
                  </div>
                  <label
                    class="msg label cellDescription"
                    data-tooltip="expand"
                  >
                    The name of the corresponding database schema.
                  </label>
                </div>
                <div
                  class="msg container fixedScrollbar gridCell"
                  style="flex-direction: column; justify-content: flex-start; align-items: stretch; grid-column: span 3;"
                >
                  <label
                    class="msg label valueTitle"
                    data-tooltip="expand"
                  >
                    Items per Page
                  </label>
                  <div
                    class="msg container fixedScrollbar inputWithProgress"
                    style="flex-direction: row;"
                  >
                    <input
                      class="msg input valueEditor"
                      id="itemsPerPage"
                      spellcheck="true"
                      type="text"
                    />
                  </div>
                </div>
                <div
                  class="msg container fixedScrollbar gridCell"
                  style="flex-direction: column; justify-content: flex-start; align-items: stretch; grid-column: span 8;"
                >
                  <label
                    class="msg label valueTitle"
                    data-tooltip="expand"
                  >
                    Comments
                  </label>
                  <div
                    class="msg container fixedScrollbar inputWithProgress"
                    style="flex-direction: row;"
                  >
                    <input
                      class="msg input valueEditor"
                      id="comments"
                      spellcheck="true"
                      type="text"
                    />
                  </div>
                  <label
                    class="msg label cellDescription"
                    data-tooltip="expand"
                  >
                    Comments to describe this REST Schema.
                  </label>
                </div>
              </div>
            </div>
          </div>
        </div>
      </div>
    </div>
    <div
      class="footer verticalCenterContent"
    >
      <div
        class="msg container fixedScrollbar leftItems"
        style="flex-direction: row;"
      />
      <div
        class="msg container fixedScrollbar rightItems"
        style="flex-direction: row-reverse;"
      >
        <div
          caption="OK"
          class="msg button"
          id="ok"
          role="button"
          tabindex="0"
        >
          OK
        </div>
        <div
          caption="Cancel"
          class="msg button"
          id="cancel"
          role="button"
          tabindex="0"
        >
          Cancel
        </div>
      </div>
    </div>
  </div>
</div>
`;
