// Jest Snapshot v1, https://goo.gl/fbAQLP

exports[`MRS SDK Export dialog tests Show MRS SDK Export Dialog (snapshot) and escape 1`] = `
<div
  class="msg portal"
  id="mrsSdkExportDialog"
  style="--background-opacity: 0.5;"
>
  <div
    class="msg dialog visible valueEditDialog"
  >
    <div
      class="title verticalCenterContent"
    >
      <div
        class="msg icon codicon codicon-terminal"
      />
      <label
        class="msg label"
        data-tooltip="expand"
      >
        Export MRS SDK for /myService
      </label>
      <div
        class="msg button imageOnly"
        id="closeButton"
        role="button"
        tabindex="0"
      >
        <div
          class="msg icon"
          style="mask-image: url("close2.svg");"
        />
      </div>
    </div>
    <div
      class="content fixedScrollbar"
    >
      <div
        class="msg grid"
        id="contentGrid"
        style="grid-template-columns: repeat(8, 1fr); row-gap: 16px; column-gap: 16px;"
      >
        <div
          class="msg container fixedScrollbar gridCell"
          style="flex-direction: row; grid-column: span 8;"
        >
          <label
            class="msg label sectionTitle"
            data-tooltip="expand"
          >
            Export MRS SDK Files for /myService
          </label>
        </div>
        <div
          class="msg container fixedScrollbar gridCell"
          style="flex-direction: column; justify-content: flex-start; align-items: stretch; grid-column: span 8;"
        >
          <label
            class="msg label valueTitle"
            data-tooltip="expand"
          >
            REST Service URL
          </label>
          <div
            class="control-wrap"
          >
            <div
              class="msg container fixedScrollbar inputWithProgress"
              style="flex-direction: row;"
            >
              <input
                class="msg input valueEditor"
                id="serviceUrl"
                spellcheck="true"
                type="text"
              />
            </div>
            <label
              class="msg label cellDescription"
              data-tooltip="expand"
            >
              The URL to access the REST Service
            </label>
          </div>
        </div>
        <div
          class="msg container fixedScrollbar gridCell"
          style="flex-direction: column; justify-content: flex-start; align-items: stretch; grid-column: span 4;"
        >
          <label
            class="msg label valueTitle"
            data-tooltip="expand"
          >
            SDK Client API Language
          </label>
          <div
            class="control-wrap"
          >
            <div
              class="msg container fixedScrollbar dropdown valueEditor"
              data-tooltip="inherit"
              id="sdkLanguage"
              style="flex-direction: row; align-items: center;"
              tabindex="0"
            >
              <label
                class="msg label ellipsis"
                data-tooltip="expand"
              >
                TypeScript
              </label>
            </div>
            <label
              class="msg label cellDescription"
              data-tooltip="expand"
            >
              The development language that should be used for generation
            </label>
          </div>
        </div>
        <div
          class="msg container fixedScrollbar gridCell"
          style="flex-direction: column; justify-content: flex-start; align-items: stretch; grid-column: span 4;"
        >
          <label
            class="msg label valueTitle"
            data-tooltip="expand"
          >
            Include AppBaseClass
          </label>
          <div
            class="control-wrap"
          >
            <div
              class="msg container fixedScrollbar dropdown valueEditor"
              data-tooltip="inherit"
              id="addAppBaseClass"
              style="flex-direction: row; align-items: center;"
              tabindex="0"
            />
            <label
              class="msg label cellDescription"
              data-tooltip="expand"
            >
              Add an application BaseClass with core MRS functionality.
            </label>
          </div>
        </div>
        <div
          class="msg container fixedScrollbar gridCell"
          style="flex-direction: column; justify-content: flex-start; align-items: stretch; grid-column: span 8;"
        >
          <label
            class="msg label valueTitle"
            data-tooltip="expand"
          >
            SDK File Header
          </label>
          <div
            class="control-wrap"
          >
            <div
              class="msg container fixedScrollbar inputWithProgress"
              style="flex-direction: row;"
            >
              <textarea
                class="msg input valueEditor"
                id="header"
                rows="4"
                spellcheck="true"
                type="text"
              />
            </div>
            <label
              class="msg label cellDescription"
              data-tooltip="expand"
            >
              The header that should be applied to the generated SDK files.
            </label>
          </div>
        </div>
      </div>
    </div>
    <div
      class="footer verticalCenterContent"
    >
      <div
        class="msg container fixedScrollbar leftItems"
        style="flex-direction: row;"
      />
      <div
        class="msg container fixedScrollbar rightItems"
        style="flex-direction: row-reverse;"
      >
        <div
          caption="OK"
          class="msg button"
          id="ok"
          role="button"
          tabindex="0"
        >
          OK
        </div>
        <div
          caption="Cancel"
          class="msg button"
          id="cancel"
          role="button"
          tabindex="0"
        >
          Cancel
        </div>
      </div>
    </div>
  </div>
</div>
`;

exports[`MRS SDK Export dialog tests Show MRS SDK Export Dialog and cancel 1`] = `
<div
  class="msg portal"
  id="mrsSdkExportDialog"
  style="--background-opacity: 0.5;"
>
  <div
    class="msg dialog visible valueEditDialog"
  >
    <div
      class="title verticalCenterContent"
    >
      <div
        class="msg icon codicon codicon-terminal"
      />
      <label
        class="msg label"
        data-tooltip="expand"
      >
        Export MRS SDK for /myService
      </label>
      <div
        class="msg button imageOnly"
        id="closeButton"
        role="button"
        tabindex="0"
      >
        <div
          class="msg icon"
          style="mask-image: url("close2.svg");"
        />
      </div>
    </div>
    <div
      class="content fixedScrollbar"
    >
      <div
        class="msg grid"
        id="contentGrid"
        style="grid-template-columns: repeat(8, 1fr); row-gap: 16px; column-gap: 16px;"
      >
        <div
          class="msg container fixedScrollbar gridCell"
          style="flex-direction: row; grid-column: span 8;"
        >
          <label
            class="msg label sectionTitle"
            data-tooltip="expand"
          >
            Export MRS SDK Files for /myService
          </label>
        </div>
        <div
          class="msg container fixedScrollbar gridCell"
          style="flex-direction: column; justify-content: flex-start; align-items: stretch; grid-column: span 8;"
        >
          <label
            class="msg label valueTitle"
            data-tooltip="expand"
          >
            REST Service URL
          </label>
          <div
            class="control-wrap"
          >
            <div
              class="msg container fixedScrollbar inputWithProgress"
              style="flex-direction: row;"
            >
              <input
                class="msg input valueEditor"
                id="serviceUrl"
                spellcheck="true"
                type="text"
              />
            </div>
            <label
              class="msg label cellDescription"
              data-tooltip="expand"
            >
              The URL to access the REST Service
            </label>
          </div>
        </div>
        <div
          class="msg container fixedScrollbar gridCell"
          style="flex-direction: column; justify-content: flex-start; align-items: stretch; grid-column: span 4;"
        >
          <label
            class="msg label valueTitle"
            data-tooltip="expand"
          >
            SDK Client API Language
          </label>
          <div
            class="control-wrap"
          >
            <div
              class="msg container fixedScrollbar dropdown valueEditor"
              data-tooltip="inherit"
              id="sdkLanguage"
              style="flex-direction: row; align-items: center;"
              tabindex="0"
            >
              <label
                class="msg label ellipsis"
                data-tooltip="expand"
              >
                TypeScript
              </label>
            </div>
            <label
              class="msg label cellDescription"
              data-tooltip="expand"
            >
              The development language that should be used for generation
            </label>
          </div>
        </div>
        <div
          class="msg container fixedScrollbar gridCell"
          style="flex-direction: column; justify-content: flex-start; align-items: stretch; grid-column: span 4;"
        >
          <label
            class="msg label valueTitle"
            data-tooltip="expand"
          >
            Include AppBaseClass
          </label>
          <div
            class="control-wrap"
          >
            <div
              class="msg container fixedScrollbar dropdown valueEditor"
              data-tooltip="inherit"
              id="addAppBaseClass"
              style="flex-direction: row; align-items: center;"
              tabindex="0"
            />
            <label
              class="msg label cellDescription"
              data-tooltip="expand"
            >
              Add an application BaseClass with core MRS functionality.
            </label>
          </div>
        </div>
        <div
          class="msg container fixedScrollbar gridCell"
          style="flex-direction: column; justify-content: flex-start; align-items: stretch; grid-column: span 8;"
        >
          <label
            class="msg label valueTitle"
            data-tooltip="expand"
          >
            SDK File Header
          </label>
          <div
            class="control-wrap"
          >
            <div
              class="msg container fixedScrollbar inputWithProgress"
              style="flex-direction: row;"
            >
              <textarea
                class="msg input valueEditor"
                id="header"
                rows="4"
                spellcheck="true"
                type="text"
              />
            </div>
            <label
              class="msg label cellDescription"
              data-tooltip="expand"
            >
              The header that should be applied to the generated SDK files.
            </label>
          </div>
        </div>
      </div>
    </div>
    <div
      class="footer verticalCenterContent"
    >
      <div
        class="msg container fixedScrollbar leftItems"
        style="flex-direction: row;"
      />
      <div
        class="msg container fixedScrollbar rightItems"
        style="flex-direction: row-reverse;"
      >
        <div
          caption="OK"
          class="msg button"
          id="ok"
          role="button"
          tabindex="0"
        >
          OK
        </div>
        <div
          caption="Cancel"
          class="msg button"
          id="cancel"
          role="button"
          tabindex="0"
        >
          Cancel
        </div>
      </div>
    </div>
  </div>
</div>
`;
