// Jest Snapshot v1, https://goo.gl/fbAQLP

exports[`MRS User dialog tests Show MRS User Dialog (snapshot) and escape 1`] = `
<div
  class="msg portal"
  id="mrsUserDialog"
  style="--background-opacity: 0.5;"
>
  <div
    class="msg dialog visible valueEditDialog"
  >
    <div
      class="title verticalCenterContent"
    >
      <div
        class="msg icon codicon codicon-terminal"
      />
      <label
        class="msg label"
        data-tooltip="expand"
      >
        MySQL REST User
      </label>
      <div
        class="msg button imageOnly"
        id="closeButton"
        role="button"
        tabindex="0"
      >
        <div
          class="msg icon"
          style="mask-image: url("close2.svg");"
        />
      </div>
    </div>
    <div
      class="content fixedScrollbar"
    >
      <div
        class="msg grid"
        id="contentGrid"
        style="grid-template-columns: repeat(8, 1fr); row-gap: 16px; column-gap: 16px;"
      >
        <div
          class="msg container fixedScrollbar gridCell"
          style="flex-direction: row; grid-column: span 8;"
        >
          <label
            class="msg label sectionTitle"
            data-tooltip="expand"
          >
            Enter new MySQL REST User Values
          </label>
        </div>
        <div
          class="msg container fixedScrollbar gridCell"
          style="flex-direction: column; justify-content: flex-start; align-items: stretch; grid-column: span 3;"
        >
          <label
            class="msg label valueTitle"
            data-tooltip="expand"
          >
            User Name
          </label>
          <div
            class="control-wrap"
          >
            <div
              class="msg container fixedScrollbar inputWithProgress"
              style="flex-direction: row;"
            >
              <input
                class="msg input valueEditor"
                id="name"
                spellcheck="true"
                type="text"
              />
            </div>
            <label
              class="msg label cellDescription"
              data-tooltip="expand"
            >
              The name of the user
            </label>
          </div>
        </div>
        <div
          class="msg container fixedScrollbar gridCell"
          style="flex-direction: column; justify-content: flex-start; align-items: stretch; grid-column: span 3;"
        >
          <label
            class="msg label valueTitle"
            data-tooltip="expand"
          >
            User Password
          </label>
          <div
            class="control-wrap"
          >
            <div
              class="msg container fixedScrollbar inputWithProgress"
              style="flex-direction: row;"
            >
              <input
                class="msg input valueEditor"
                id="authString"
                spellcheck="true"
                type="password"
              />
            </div>
            <label
              class="msg label cellDescription"
              data-tooltip="expand"
            >
              The password of the user
            </label>
          </div>
        </div>
        <div
          class="msg container fixedScrollbar gridCell"
          style="flex-direction: column; justify-content: flex-start; align-items: stretch; grid-column: span 2;"
        >
          <label
            class="msg label valueTitle"
            data-tooltip="expand"
          >
            Authentication App
          </label>
          <div
            class="control-wrap"
          >
            <div
              class="msg container fixedScrollbar inputWithProgress"
              style="flex-direction: row;"
            >
              <input
                class="msg input valueEditor"
                id="authApp"
                readonly=""
                spellcheck="true"
                type="text"
              />
            </div>
            <label
              class="msg label cellDescription"
              data-tooltip="expand"
            >
              The authentication app
            </label>
          </div>
        </div>
        <div
          class="msg container fixedScrollbar gridCell"
          style="flex-direction: column; justify-content: flex-start; align-items: stretch; grid-column: span 3;"
        >
          <label
            class="msg label valueTitle"
            data-tooltip="expand"
          >
            Email
          </label>
          <div
            class="control-wrap"
          >
            <div
              class="msg container fixedScrollbar inputWithProgress"
              style="flex-direction: row;"
            >
              <input
                class="msg input valueEditor"
                id="email"
                spellcheck="true"
                type="text"
              />
            </div>
            <label
              class="msg label cellDescription"
              data-tooltip="expand"
            >
              The email of the user
            </label>
          </div>
        </div>
        <div
          class="msg container fixedScrollbar gridCell"
          style="flex-direction: column; justify-content: flex-start; align-items: stretch; grid-column: span 3;"
        >
          <label
            class="msg label valueTitle"
            data-tooltip="expand"
          >
            Assigned Roles
          </label>
          <div
            class="control-wrap"
          >
            <div
              class="msg container fixedScrollbar tagInput dropdown multiSelect"
              id="roles"
              style="flex-direction: row; flex-wrap: wrap;"
              tabindex="0"
            >
              <label
                class="msg label tag"
                data-tooltip="expand"
                draggable="true"
              >
                Full Access
              </label>
            </div>
            <label
              class="msg label cellDescription"
              data-tooltip="expand"
            >
              Roles assign DB Object privileges to the user.
            </label>
          </div>
        </div>
        <div
          class="msg container fixedScrollbar gridCell"
          style="flex-direction: column; justify-content: center; align-items: stretch; grid-column: span 2;"
        >
          <label
            class="msg label valueTitle"
            data-tooltip="expand"
          >
            Â 
          </label>
          <div
            class="control-wrap"
          >
            <label
              class="msg label description"
              data-tooltip="expand"
            />
            <label
              class="msg checkbox checked valueEditor"
              id="loginPermitted"
              tabindex="0"
            >
              <span
                class="checkMark"
              />
              Permit Login
            </label>
            <label
              class="msg label cellDescription"
              data-tooltip="expand"
            >
              Allow user to log in
            </label>
          </div>
        </div>
        <div
          class="msg container fixedScrollbar gridCell"
          style="flex-direction: column; justify-content: flex-start; align-items: stretch; grid-row: span 2; grid-column: span 6;"
        >
          <label
            class="msg label valueTitle"
            data-tooltip="expand"
          >
            User Options
          </label>
          <div
            class="control-wrap"
          >
            <div
              class="msg container fixedScrollbar inputWithProgress"
              style="flex-direction: row;"
            >
              <textarea
                class="msg input valueEditor"
                id="appOptions"
                spellcheck="true"
                type="text"
              />
            </div>
            <label
              class="msg label cellDescription"
              data-tooltip="expand"
            >
              Additional options in JSON format
            </label>
          </div>
        </div>
        <div
          class="msg container fixedScrollbar gridCell"
          style="flex-direction: column; justify-content: flex-start; align-items: stretch; grid-column: span 2;"
        >
          <label
            class="msg label valueTitle"
            data-tooltip="expand"
          >
            Vendor User Id
          </label>
          <div
            class="control-wrap"
          >
            <div
              class="msg container fixedScrollbar inputWithProgress"
              style="flex-direction: row;"
            >
              <input
                class="msg input valueEditor"
                id="vendorUserId"
                spellcheck="true"
                type="text"
              />
            </div>
            <label
              class="msg label cellDescription"
              data-tooltip="expand"
            >
              Set by OAuth2 vendors
            </label>
          </div>
        </div>
        <div
          class="msg container fixedScrollbar gridCell"
          style="flex-direction: column; justify-content: flex-start; align-items: stretch; grid-column: span 2;"
        >
          <label
            class="msg label valueTitle"
            data-tooltip="expand"
          >
            Mapped User Id
          </label>
          <div
            class="control-wrap"
          >
            <div
              class="msg container fixedScrollbar inputWithProgress"
              style="flex-direction: row;"
            >
              <input
                class="msg input valueEditor"
                id="mappedUserId"
                spellcheck="true"
                type="text"
              />
            </div>
            <label
              class="msg label cellDescription"
              data-tooltip="expand"
            >
              Optional id for sync-ing
            </label>
          </div>
        </div>
      </div>
    </div>
    <div
      class="footer verticalCenterContent"
    >
      <div
        class="msg container fixedScrollbar leftItems"
        style="flex-direction: row;"
      />
      <div
        class="msg container fixedScrollbar rightItems"
        style="flex-direction: row-reverse;"
      >
        <div
          caption="OK"
          class="msg button"
          id="ok"
          role="button"
          tabindex="0"
        >
          OK
        </div>
        <div
          caption="Cancel"
          class="msg button"
          id="cancel"
          role="button"
          tabindex="0"
        >
          Cancel
        </div>
      </div>
    </div>
  </div>
</div>
`;
