// Jest Snapshot v1, https://goo.gl/fbAQLP

exports[`DBEditorMainToolbar tests Test DBEditorMainToolbar instantiation 1`] = `
<DBEditorMainToolbar
  activeEditor="DbEditor"
  editors={Array []}
  language="pl"
  onSelectEditor={[MockFunction]}
>
  <Toolbar
    dropShadow={false}
    id="dbEditorMainToolbar"
    vibrant={false}
  >
    <Container
      className="msg toolbar verticalCenterContent"
      crossAlignment="center"
      id="dbEditorMainToolbar"
      orientation="row"
    >
      <div
        className="msg container fixedScrollbar toolbar verticalCenterContent"
        id="dbEditorMainToolbar"
        style={
          Object {
            "alignItems": "center",
            "flexDirection": "row",
            "flexWrap": undefined,
            "justifyContent": undefined,
          }
        }
      >
        <Button
          data-tooltip="Execute selection or full script"
          disabled={false}
          imageOnly={true}
          onClick={[Function]}
        >
          <button
            className="msg button imageOnly"
            data-tooltip="Execute selection or full script"
            disabled={false}
            onClick={[Function]}
            onMouseDown={[Function]}
            style={
              Object {
                "flexDirection": undefined,
              }
            }
          >
            <Icon
              data-tooltip="inherit"
              disabled={false}
              src="execute.svg"
            >
              <div
                className="msg icon"
                data-tooltip="inherit"
                style={
                  Object {
                    "WebkitMaskImage": "url(execute.svg)",
                    "backgroundColor": undefined,
                    "height": undefined,
                    "maskImage": "url(execute.svg)",
                    "width": undefined,
                  }
                }
              />
            </Icon>
          </button>
        </Button>
        <Button
          data-tooltip="Execute the statement at the caret position"
          disabled={false}
          imageOnly={true}
          onClick={[Function]}
        >
          <button
            className="msg button imageOnly"
            data-tooltip="Execute the statement at the caret position"
            disabled={false}
            onClick={[Function]}
            onMouseDown={[Function]}
            style={
              Object {
                "flexDirection": undefined,
              }
            }
          >
            <Icon
              data-tooltip="inherit"
              disabled={false}
              src="execute-caret.svg"
            >
              <div
                className="msg icon"
                data-tooltip="inherit"
                style={
                  Object {
                    "WebkitMaskImage": "url(execute-caret.svg)",
                    "backgroundColor": undefined,
                    "height": undefined,
                    "maskImage": "url(execute-caret.svg)",
                    "width": undefined,
                  }
                }
              />
            </Icon>
          </button>
        </Button>
        <Button
          data-tooltip="Execute Explain for the statement at the caret position"
          disabled={true}
          imageOnly={true}
          requestId="editorExecuteExplain"
        >
          <button
            className="msg button imageOnly"
            data-tooltip="Execute Explain for the statement at the caret position"
            disabled={true}
            onClick={[Function]}
            onMouseDown={[Function]}
            requestId="editorExecuteExplain"
            style={
              Object {
                "flexDirection": undefined,
              }
            }
          >
            <Icon
              data-tooltip="inherit"
              disabled={false}
              src="execute-explain.svg"
            >
              <div
                className="msg icon"
                data-tooltip="inherit"
                style={
                  Object {
                    "WebkitMaskImage": "url(execute-explain.svg)",
                    "backgroundColor": undefined,
                    "height": undefined,
                    "maskImage": "url(execute-explain.svg)",
                    "width": undefined,
                  }
                }
              />
            </Icon>
          </button>
        </Button>
        <Button
          data-tooltip="Stop execution of the current statement/script"
          disabled={true}
          imageOnly={true}
          requestId="editorStopExecution"
        >
          <button
            className="msg button imageOnly"
            data-tooltip="Stop execution of the current statement/script"
            disabled={true}
            onClick={[Function]}
            onMouseDown={[Function]}
            requestId="editorStopExecution"
            style={
              Object {
                "flexDirection": undefined,
              }
            }
          >
            <Icon
              data-tooltip="inherit"
              disabled={false}
              src="stop-execution.svg"
            >
              <div
                className="msg icon"
                data-tooltip="inherit"
                style={
                  Object {
                    "WebkitMaskImage": "url(stop-execution.svg)",
                    "backgroundColor": undefined,
                    "height": undefined,
                    "maskImage": "url(stop-execution.svg)",
                    "width": undefined,
                  }
                }
              />
            </Icon>
          </button>
        </Button>
        <Button
          data-tooltip="Stop execution of the current statement/script in case of errors"
          disabled={false}
          imageOnly={true}
          onClick={[Function]}
        >
          <button
            className="msg button imageOnly"
            data-tooltip="Stop execution of the current statement/script in case of errors"
            disabled={false}
            onClick={[Function]}
            onMouseDown={[Function]}
            style={
              Object {
                "flexDirection": undefined,
              }
            }
          >
            <Icon
              data-tooltip="inherit"
              disabled={false}
              src="stop-on-error-active.svg"
            >
              <div
                className="msg icon"
                data-tooltip="inherit"
                style={
                  Object {
                    "WebkitMaskImage": "url(stop-on-error-active.svg)",
                    "backgroundColor": undefined,
                    "height": undefined,
                    "maskImage": "url(stop-on-error-active.svg)",
                    "width": undefined,
                  }
                }
              />
            </Icon>
          </button>
        </Button>
        <Divider
          thickness={1}
          vertical={true}
        >
          <div
            className="msg divider vertical"
            onMouseEnter={[Function]}
            onMouseLeave={[Function]}
            style={
              Object {
                "--thickness": "1px",
              }
            }
          />
        </Divider>
        <Button
          data-tooltip="Commit DB changes"
          disabled={true}
          imageOnly={true}
          requestId="editorCommit"
        >
          <button
            className="msg button imageOnly"
            data-tooltip="Commit DB changes"
            disabled={true}
            onClick={[Function]}
            onMouseDown={[Function]}
            requestId="editorCommit"
            style={
              Object {
                "flexDirection": undefined,
              }
            }
          >
            <Icon
              data-tooltip="inherit"
              disabled={false}
              src="commit.svg"
            >
              <div
                className="msg icon"
                data-tooltip="inherit"
                style={
                  Object {
                    "WebkitMaskImage": "url(commit.svg)",
                    "backgroundColor": undefined,
                    "height": undefined,
                    "maskImage": "url(commit.svg)",
                    "width": undefined,
                  }
                }
              />
            </Icon>
          </button>
        </Button>
        <Button
          data-tooltip="Rollback DB changes"
          disabled={true}
          imageOnly={true}
          requestId="editorRollback"
        >
          <button
            className="msg button imageOnly"
            data-tooltip="Rollback DB changes"
            disabled={true}
            onClick={[Function]}
            onMouseDown={[Function]}
            requestId="editorRollback"
            style={
              Object {
                "flexDirection": undefined,
              }
            }
          >
            <Icon
              data-tooltip="inherit"
              disabled={false}
              src="rollback.svg"
            >
              <div
                className="msg icon"
                data-tooltip="inherit"
                style={
                  Object {
                    "WebkitMaskImage": "url(rollback.svg)",
                    "backgroundColor": undefined,
                    "height": undefined,
                    "maskImage": "url(rollback.svg)",
                    "width": undefined,
                  }
                }
              />
            </Icon>
          </button>
        </Button>
        <Button
          data-tooltip="Auto commit DB changes"
          disabled={false}
          imageOnly={true}
          onClick={[Function]}
        >
          <button
            className="msg button imageOnly"
            data-tooltip="Auto commit DB changes"
            disabled={false}
            onClick={[Function]}
            onMouseDown={[Function]}
            style={
              Object {
                "flexDirection": undefined,
              }
            }
          >
            <Icon
              data-tooltip="inherit"
              disabled={false}
              src="auto-commit-active.svg"
            >
              <div
                className="msg icon"
                data-tooltip="inherit"
                style={
                  Object {
                    "WebkitMaskImage": "url(auto-commit-active.svg)",
                    "backgroundColor": undefined,
                    "height": undefined,
                    "maskImage": "url(auto-commit-active.svg)",
                    "width": undefined,
                  }
                }
              />
            </Icon>
          </button>
        </Button>
        <Divider
          thickness={1}
          vertical={true}
        >
          <div
            className="msg divider vertical"
            onMouseEnter={[Function]}
            onMouseLeave={[Function]}
            style={
              Object {
                "--thickness": "1px",
              }
            }
          />
        </Divider>
        <Button
          data-tooltip="Format current block or script"
          disabled={false}
          imageOnly={true}
          requestId="editorFormat"
        >
          <button
            className="msg button imageOnly"
            data-tooltip="Format current block or script"
            disabled={false}
            onClick={[Function]}
            onMouseDown={[Function]}
            requestId="editorFormat"
            style={
              Object {
                "flexDirection": undefined,
              }
            }
          >
            <Icon
              data-tooltip="inherit"
              disabled={false}
              src="format.svg"
            >
              <div
                className="msg icon"
                data-tooltip="inherit"
                style={
                  Object {
                    "WebkitMaskImage": "url(format.svg)",
                    "backgroundColor": undefined,
                    "height": undefined,
                    "maskImage": "url(format.svg)",
                    "width": undefined,
                  }
                }
              />
            </Icon>
          </button>
        </Button>
        <Divider
          thickness={1}
          vertical={true}
        >
          <div
            className="msg divider vertical"
            onMouseEnter={[Function]}
            onMouseLeave={[Function]}
            style={
              Object {
                "--thickness": "1px",
              }
            }
          />
        </Divider>
        <Button
          data-tooltip="Find"
          disabled={false}
          imageOnly={true}
          requestId="editorFind"
        >
          <button
            className="msg button imageOnly"
            data-tooltip="Find"
            disabled={false}
            onClick={[Function]}
            onMouseDown={[Function]}
            requestId="editorFind"
            style={
              Object {
                "flexDirection": undefined,
              }
            }
          >
            <Icon
              data-tooltip="inherit"
              disabled={false}
              src="search.svg"
            >
              <div
                className="msg icon"
                data-tooltip="inherit"
                style={
                  Object {
                    "WebkitMaskImage": "url(search.svg)",
                    "backgroundColor": undefined,
                    "height": undefined,
                    "maskImage": "url(search.svg)",
                    "width": undefined,
                  }
                }
              />
            </Icon>
          </button>
        </Button>
        <Button
          data-tooltip="Show hidden characters"
          disabled={false}
          imageOnly={true}
          onClick={[Function]}
        >
          <button
            className="msg button imageOnly"
            data-tooltip="Show hidden characters"
            disabled={false}
            onClick={[Function]}
            onMouseDown={[Function]}
            style={
              Object {
                "flexDirection": undefined,
              }
            }
          >
            <Icon
              data-tooltip="inherit"
              disabled={false}
              src="show-hidden-inactive.svg"
            >
              <div
                className="msg icon"
                data-tooltip="inherit"
                style={
                  Object {
                    "WebkitMaskImage": "url(show-hidden-inactive.svg)",
                    "backgroundColor": undefined,
                    "height": undefined,
                    "maskImage": "url(show-hidden-inactive.svg)",
                    "width": undefined,
                  }
                }
              />
            </Icon>
          </button>
        </Button>
        <Button
          data-tooltip="Soft wrap lines "
          disabled={false}
          imageOnly={true}
          onClick={[Function]}
        >
          <button
            className="msg button imageOnly"
            data-tooltip="Soft wrap lines "
            disabled={false}
            onClick={[Function]}
            onMouseDown={[Function]}
            style={
              Object {
                "flexDirection": undefined,
              }
            }
          >
            <Icon
              data-tooltip="inherit"
              disabled={false}
              src="word-wrap-inactive.svg"
            >
              <div
                className="msg icon"
                data-tooltip="inherit"
                style={
                  Object {
                    "WebkitMaskImage": "url(word-wrap-inactive.svg)",
                    "backgroundColor": undefined,
                    "height": undefined,
                    "maskImage": "url(word-wrap-inactive.svg)",
                    "width": undefined,
                  }
                }
              />
            </Icon>
          </button>
        </Button>
      </div>
    </Container>
  </Toolbar>
</DBEditorMainToolbar>
`;
