// Jest Snapshot v1, https://goo.gl/fbAQLP

exports[`MDS module tests Test MDSModule instantiation 1`] = `
<MDSModule
  innerRef={
    Object {
      "current": null,
    }
  }
/>
`;
