// Vitest Snapshot v1, https://vitest.dev/guide/snapshot.html

exports[`MdsEndpointDialog show tests > Test render MdsEndpointDialog 1`] = `<div />`;
