// Vitest Snapshot v1, https://vitest.dev/guide/snapshot.html

exports[`MdsHWClusterDialog tests > Test render MdsHWClusterDialog 1`] = `<div />`;
