// Vitest Snapshot v1

exports[`Icon > should match the snapshot 1`] = `
<Icon
  copyright="Copyright (c) 2022, 2023, Oracle and/or its affiliates."
  name="sakila"
  onClick={[Function]}
  styleClass="MyStyle"
>
  <div
    className="icon MyStyle"
    onClick={[Function]}
  >
    <div
      className="iconBg sakila"
    />
  </div>
</Icon>
`;
