// Jest Snapshot v1, https://goo.gl/fbAQLP

exports[`ConnectionTile component tests Test ConnectionTile output (Snapshot) 1`] = `
<ConnectionTile
  caption="Tile 1"
  className="connectionTile"
  description="A description"
  details={
    {
      "caption": "Tile 1",
      "dbType": "MySQL",
      "description": "A description",
      "id": 1,
      "options": {},
    }
  }
  icon="scriptMysql.svg"
  id="tile1"
  tileId={1}
  type={0}
>
  <Button
    className="msg browserTile connectionTile"
    id="tile1"
    onClick={[Function]}
    onDragEnter={[Function]}
    onDragLeave={[Function]}
    onDragOver={[Function]}
    onDragStart={[Function]}
    onDrop={[Function]}
    onKeyPress={[Function]}
  >
    <div
      className="msg button browserTile connectionTile"
      draggable={true}
      id="tile1"
      onClick={[Function]}
      onDragEnter={[Function]}
      onDragLeave={[Function]}
      onDragOver={[Function]}
      onDragStart={[Function]}
      onDrop={[Function]}
      onKeyPress={[Function]}
      onMouseDown={[Function]}
      role="button"
      style={
        {
          "flexDirection": undefined,
        }
      }
      tabIndex={0}
    >
      <Icon
        disabled={false}
        src="scriptMysql.svg"
      >
        <div
          className="msg icon"
          style={
            {
              "WebkitMaskImage": "url(scriptMysql.svg)",
              "backgroundColor": undefined,
              "height": undefined,
              "maskImage": "url(scriptMysql.svg)",
              "width": undefined,
            }
          }
        />
      </Icon>
      <Container
        className="textHost"
        orientation="column"
      >
        <div
          className="msg container fixedScrollbar textHost"
          style={
            {
              "alignItems": undefined,
              "flexDirection": "column",
              "flexWrap": undefined,
              "justifyContent": undefined,
            }
          }
        >
          <Label
            className="tileCaption"
          >
            <label
              className="msg label tileCaption"
              data-tooltip="expand"
              style={{}}
            >
              Tile 1
            </label>
          </Label>
          <Label
            className="tileDescription"
          >
            <label
              className="msg label tileDescription"
              data-tooltip="expand"
              style={{}}
            >
              A description
            </label>
          </Label>
        </div>
      </Container>
      <Container
        id="actionsBackground"
        orientation="row"
      >
        <div
          className="msg container fixedScrollbar"
          id="actionsBackground"
          style={
            {
              "alignItems": undefined,
              "flexDirection": "row",
              "flexWrap": undefined,
              "justifyContent": undefined,
            }
          }
        />
      </Container>
      <Container
        crossAlignment="center"
        id="actions"
        innerRef={
          {
            "current": <div
              class="msg container fixedScrollbar"
              id="actions"
              style="flex-direction: column; justify-content: center; align-items: center;"
            >
              <div
                class="msg button imageOnly"
                data-tooltip="More Actions"
                draggable="true"
                id="tileMoreActionsAction"
                role="button"
                tabindex="0"
              >
                <div
                  class="msg icon"
                  data-tooltip="inherit"
                  style="mask-image: url(toolbar-menu.svg);"
                />
              </div>
              <div
                class="msg button imageOnly"
                data-tooltip="Create New Notebook"
                draggable="true"
                id="tileNewNotebookAction"
                role="button"
                tabindex="0"
              >
                <div
                  class="msg icon"
                  data-tooltip="inherit"
                  style="mask-image: url(newNotebook.svg);"
                />
              </div>
              <div
                class="msg button imageOnly"
                data-tooltip="Create New Script"
                draggable="true"
                id="tileNewScriptAction"
                role="button"
                tabindex="0"
              >
                <div
                  class="msg icon"
                  data-tooltip="inherit"
                  style="mask-image: url(newScript.svg);"
                />
              </div>
            </div>,
          }
        }
        mainAlignment="center"
        orientation="column"
      >
        <div
          className="msg container fixedScrollbar"
          id="actions"
          style={
            {
              "alignItems": "center",
              "flexDirection": "column",
              "flexWrap": undefined,
              "justifyContent": "center",
            }
          }
        >
          <Button
            data-tooltip="More Actions"
            id="tileMoreActionsAction"
            imageOnly={true}
            onClick={[Function]}
          >
            <div
              className="msg button imageOnly"
              data-tooltip="More Actions"
              draggable={true}
              id="tileMoreActionsAction"
              onClick={[Function]}
              onMouseDown={[Function]}
              role="button"
              style={
                {
                  "flexDirection": undefined,
                }
              }
              tabIndex={0}
            >
              <Icon
                data-tooltip="inherit"
                disabled={false}
                src="toolbar-menu.svg"
              >
                <div
                  className="msg icon"
                  data-tooltip="inherit"
                  style={
                    {
                      "WebkitMaskImage": "url(toolbar-menu.svg)",
                      "backgroundColor": undefined,
                      "height": undefined,
                      "maskImage": "url(toolbar-menu.svg)",
                      "width": undefined,
                    }
                  }
                />
              </Icon>
            </div>
          </Button>
          <Button
            data-tooltip="Create New Notebook"
            id="tileNewNotebookAction"
            imageOnly={true}
            onClick={[Function]}
          >
            <div
              className="msg button imageOnly"
              data-tooltip="Create New Notebook"
              draggable={true}
              id="tileNewNotebookAction"
              onClick={[Function]}
              onMouseDown={[Function]}
              role="button"
              style={
                {
                  "flexDirection": undefined,
                }
              }
              tabIndex={0}
            >
              <Icon
                data-tooltip="inherit"
                disabled={false}
                src="newNotebook.svg"
              >
                <div
                  className="msg icon"
                  data-tooltip="inherit"
                  style={
                    {
                      "WebkitMaskImage": "url(newNotebook.svg)",
                      "backgroundColor": undefined,
                      "height": undefined,
                      "maskImage": "url(newNotebook.svg)",
                      "width": undefined,
                    }
                  }
                />
              </Icon>
            </div>
          </Button>
          <Button
            data-tooltip="Create New Script"
            id="tileNewScriptAction"
            imageOnly={true}
            onClick={[Function]}
          >
            <div
              className="msg button imageOnly"
              data-tooltip="Create New Script"
              draggable={true}
              id="tileNewScriptAction"
              onClick={[Function]}
              onMouseDown={[Function]}
              role="button"
              style={
                {
                  "flexDirection": undefined,
                }
              }
              tabIndex={0}
            >
              <Icon
                data-tooltip="inherit"
                disabled={false}
                src="newScript.svg"
              >
                <div
                  className="msg icon"
                  data-tooltip="inherit"
                  style={
                    {
                      "WebkitMaskImage": "url(newScript.svg)",
                      "backgroundColor": undefined,
                      "height": undefined,
                      "maskImage": "url(newScript.svg)",
                      "width": undefined,
                    }
                  }
                />
              </Icon>
            </div>
          </Button>
        </div>
      </Container>
    </div>
  </Button>
</ConnectionTile>
`;
