// Jest Snapshot v1, https://goo.gl/fbAQLP

exports[`ConnectionEditor tests Test ConnectionEditor match snapshot 1`] = `
<ConnectionEditor
  connections={[]}
  onAddConnection={[Function]}
  onUpdateConnection={[Function]}
>
  <ValueEditDialog
    id="connectionEditor"
    onClose={[Function]}
    onSelectTab={[Function]}
    onValidate={[Function]}
  >
    <Dialog
      actions={
        {
          "begin": [],
          "end": [
            <Button
              caption="OK"
              disabled={false}
              id="ok"
              onClick={[Function]}
            />,
            <Button
              caption="Cancel"
              id="cancel"
              onClick={[Function]}
            />,
          ],
        }
      }
      caption={
        <g>
          <Icon
            disabled={false}
            src={391}
          />
          <Label />
        </g>
      }
      className="msg valueEditDialog"
      container={
        <body
          theme="dark"
        />
      }
      content={
        <Grid
          columnGap={16}
          columns={8}
          id="contentGrid"
          rowGap={16}
        />
      }
      id="connectionEditor"
      onClose={[Function]}
      onSelectTab={[Function]}
    >
      <Portal
        container={
          <body
            theme="dark"
          />
        }
        id="connectionEditor"
        onClose={[Function]}
        onOpen={[Function]}
        onSelectTab={[Function]}
      />
    </Dialog>
    <Menu
      onItemClick={[Function]}
      orientation="column"
      placement="right-start"
    >
      <Popup
        className="msg menu"
        onClose={[Function]}
        onKeyDown={[Function]}
        onOpen={[Function]}
        orientation="column"
        pinned={false}
        placement="right-start"
        showArrow={false}
      >
        <Portal
          className="popupPortal"
          onClose={[Function]}
          onKeyDown={[Function]}
          onOpen={[Function]}
        />
      </Popup>
    </Menu>
  </ValueEditDialog>
  <ConfirmDialog
    id="confirmClearPasswordDlg"
  >
    <Dialog
      actions={
        {
          "end": [],
        }
      }
      caption={
        <g>
          <Icon
            disabled={false}
            src={278}
          />
          <Label>
            Confirm
          </Label>
        </g>
      }
      className="msg confirmDialog"
      container={
        <body
          theme="dark"
        />
      }
      content={
        <Container
          orientation="column"
        >
          
          <Container
            className="description"
            orientation="column"
          />
        </Container>
      }
      onClose={[Function]}
    >
      <Portal
        container={
          <body
            theme="dark"
          />
        }
        onClose={[Function]}
        onOpen={[Function]}
      />
    </Dialog>
  </ConfirmDialog>
  <ConfirmDialog
    id="confirmNewBastionDialog"
    onClose={[Function]}
  >
    <Dialog
      actions={
        {
          "end": [],
        }
      }
      caption={
        <g>
          <Icon
            disabled={false}
            src={278}
          />
          <Label>
            Confirm
          </Label>
        </g>
      }
      className="msg confirmDialog"
      container={
        <body
          theme="dark"
        />
      }
      content={
        <Container
          orientation="column"
        >
          
          <Container
            className="description"
            orientation="column"
          />
        </Container>
      }
      onClose={[Function]}
    >
      <Portal
        container={
          <body
            theme="dark"
          />
        }
        onClose={[Function]}
        onOpen={[Function]}
      />
    </Dialog>
  </ConfirmDialog>
</ConnectionEditor>
`;
