// Jest Snapshot v1, https://goo.gl/fbAQLP

exports[`DBConnectionTab tests Test DBConnectionTab snapshot 1`] = `<Consumer />`;
