// Jest Snapshot v1, https://goo.gl/fbAQLP

exports[`DBEditorToolbar tests Test DBEditorToolbar instantiation 1`] = `
<DBEditorToolbar
  activeEditor="DbEditor"
  editors={Array []}
  language="pl"
>
  <Toolbar
    dropShadow={false}
    id="dbEditorToolbar"
    vibrant={false}
  >
    <Container
      className="msg toolbar verticalCenterContent"
      crossAlignment="center"
      id="dbEditorToolbar"
      orientation="row"
    >
      <div
        className="msg container fixedScrollbar toolbar verticalCenterContent"
        id="dbEditorToolbar"
        style={
          Object {
            "alignItems": "center",
            "flexDirection": "row",
            "flexWrap": undefined,
            "justifyContent": undefined,
          }
        }
      >
        <Button
          data-tooltip="Execute full script"
          disabled={false}
          imageOnly={true}
          key="executeFullButton"
          onClick={[Function]}
        >
          <button
            className="msg button imageOnly"
            data-tooltip="Execute full script"
            disabled={false}
            onClick={[Function]}
            onMouseDown={[Function]}
            style={
              Object {
                "flexDirection": undefined,
              }
            }
            tabIndex={0}
          >
            <Icon
              data-tooltip="inherit"
              disabled={false}
              src="toolbar-execute.svg"
            >
              <div
                className="msg icon"
                data-tooltip="inherit"
                style={
                  Object {
                    "WebkitMaskImage": "url(toolbar-execute.svg)",
                    "backgroundColor": undefined,
                    "height": undefined,
                    "maskImage": "url(toolbar-execute.svg)",
                    "width": undefined,
                  }
                }
              />
            </Icon>
          </button>
        </Button>
        <Divider
          thickness={1}
          vertical={true}
        >
          <div
            className="msg divider vertical"
            onMouseEnter={[Function]}
            onMouseLeave={[Function]}
            style={
              Object {
                "--thickness": "1px",
              }
            }
          />
        </Divider>
        <Button
          data-tooltip="Format current block or script"
          imageOnly={true}
          requestType="editorFormat"
        >
          <button
            className="msg button imageOnly"
            data-tooltip="Format current block or script"
            onClick={[Function]}
            onMouseDown={[Function]}
            style={
              Object {
                "flexDirection": undefined,
              }
            }
            tabIndex={0}
          >
            <Icon
              data-tooltip="inherit"
              disabled={false}
              src="toolbar-format.svg"
            >
              <div
                className="msg icon"
                data-tooltip="inherit"
                style={
                  Object {
                    "WebkitMaskImage": "url(toolbar-format.svg)",
                    "backgroundColor": undefined,
                    "height": undefined,
                    "maskImage": "url(toolbar-format.svg)",
                    "width": undefined,
                  }
                }
              />
            </Icon>
          </button>
        </Button>
        <Divider
          thickness={1}
          vertical={true}
        >
          <div
            className="msg divider vertical"
            onMouseEnter={[Function]}
            onMouseLeave={[Function]}
            style={
              Object {
                "--thickness": "1px",
              }
            }
          />
        </Divider>
        <Button
          data-tooltip="Find"
          imageOnly={true}
          requestType="editorFind"
        >
          <button
            className="msg button imageOnly"
            data-tooltip="Find"
            onClick={[Function]}
            onMouseDown={[Function]}
            style={
              Object {
                "flexDirection": undefined,
              }
            }
            tabIndex={0}
          >
            <Icon
              data-tooltip="inherit"
              disabled={false}
              src="toolbar-search.svg"
            >
              <div
                className="msg icon"
                data-tooltip="inherit"
                style={
                  Object {
                    "WebkitMaskImage": "url(toolbar-search.svg)",
                    "backgroundColor": undefined,
                    "height": undefined,
                    "maskImage": "url(toolbar-search.svg)",
                    "width": undefined,
                  }
                }
              />
            </Icon>
          </button>
        </Button>
        <Button
          data-tooltip="Show hidden characters"
          imageOnly={true}
          onClick={[Function]}
        >
          <button
            className="msg button imageOnly"
            data-tooltip="Show hidden characters"
            onClick={[Function]}
            onMouseDown={[Function]}
            style={
              Object {
                "flexDirection": undefined,
              }
            }
            tabIndex={0}
          >
            <Icon
              data-tooltip="inherit"
              disabled={false}
              src="toolbar-show_hidden-inactive.svg"
            >
              <div
                className="msg icon"
                data-tooltip="inherit"
                style={
                  Object {
                    "WebkitMaskImage": "url(toolbar-show_hidden-inactive.svg)",
                    "backgroundColor": undefined,
                    "height": undefined,
                    "maskImage": "url(toolbar-show_hidden-inactive.svg)",
                    "width": undefined,
                  }
                }
              />
            </Icon>
          </button>
        </Button>
        <Button
          data-tooltip="Soft wrap lines "
          imageOnly={true}
          onClick={[Function]}
        >
          <button
            className="msg button imageOnly"
            data-tooltip="Soft wrap lines "
            onClick={[Function]}
            onMouseDown={[Function]}
            style={
              Object {
                "flexDirection": undefined,
              }
            }
            tabIndex={0}
          >
            <Icon
              data-tooltip="inherit"
              disabled={false}
              src="toolbar-word_wrap-inactive.svg"
            >
              <div
                className="msg icon"
                data-tooltip="inherit"
                style={
                  Object {
                    "WebkitMaskImage": "url(toolbar-word_wrap-inactive.svg)",
                    "backgroundColor": undefined,
                    "height": undefined,
                    "maskImage": "url(toolbar-word_wrap-inactive.svg)",
                    "width": undefined,
                  }
                }
              />
            </Icon>
          </button>
        </Button>
        <div
          className="expander"
        />
      </div>
    </Container>
  </Toolbar>
</DBEditorToolbar>
`;
